[2026-09-08 01:55:23.142] UI: Starting application...
[2026-09-08 01:55:23.240] UI: Creating main window...
[2026-09-08 01:55:23.291] UI: Theme -> dark
[2026-09-08 01:55:23.291] UI: Logging configured at level INFO (Redirection active)
[2026-09-08 01:55:24.226] HistoryWatcher: Started monitoring every 10.0s
[2026-09-08 01:55:24.227] HotkeyService: Initialized using Win32 RegisterHotKey
[2026-09-08 01:55:24.227] HotkeyService: Unregistered all Win32 hotkeys
[2026-09-08 01:55:24.338] HotkeyService: Registered Win32 hotkey 'ctrl+shift+up' (ID:1, VK:0x26, Mod:0x6)
[2026-09-08 01:55:24.338] HotkeyService: Registered Win32 hotkey 'ctrl+shift+down' (ID:2, VK:0x28, Mod:0x6)
[2026-09-08 01:55:24.338] HotkeyService: Registered Win32 hotkey 'ctrl+shift+left' (ID:3, VK:0x25, Mod:0x6)
[2026-09-08 01:55:24.338] HotkeyService: Registered Win32 hotkey 'ctrl+shift+right' (ID:4, VK:0x27, Mod:0x6)
[2026-09-08 01:55:24.339] HotkeyService: Registered Win32 hotkey 'ctrl+enter' (ID:5, VK:0xd, Mod:0x2)
[2026-09-08 01:55:24.339] HotkeyService: Registered Win32 hotkey 'shift+enter' (ID:6, VK:0xd, Mod:0x4)
[2026-09-08 01:55:24.339] HotkeyService: Registered Win32 hotkey 'ctrl+shift+enter' (ID:7, VK:0xd, Mod:0x6)
[2026-09-08 01:55:24.339] HotkeyService: Registered Win32 hotkey 'ctrl+;' (ID:8, VK:0xbb, Mod:0x2)
[2026-09-08 01:55:24.339] HotkeyService: Registered Win32 hotkey 'ctrl+;' (ID:9, VK:0x6b, Mod:0x2)
[2026-09-08 01:55:24.339] HotkeyService: Registered Win32 hotkey 'ctrl+:' (ID:10, VK:0xba, Mod:0x2)
[2026-09-08 01:55:24.339] HotkeyService: Registered Win32 hotkey 'ctrl+:' (ID:11, VK:0x6a, Mod:0x2)
[2026-09-08 01:55:24.339] UI: Hotkeys reloaded - Up: ctrl+shift+up, Down: ctrl+shift+down, Left: ctrl+shift+left, Right: ctrl+shift+right, Preload: ctrl+enter, Play: shift+enter, Search: ctrl+shift+enter, Rewind: ctrl+;, Forward: ctrl+:
[2026-09-08 01:55:24.861] MidiService: Updating config. Device='', Mappings: {}
[2026-09-08 01:55:24.862] UI: MIDI config reloaded - Device: 
[2026-09-08 01:55:24.871] PlayerHttpServer: Server started on http://localhost:8080 session=faa49fc4
[2026-09-08 01:55:24.871] UI: Player HTTP server started
[2026-09-08 01:55:24.874] UI: YouTube border color updated to theme default
[2026-09-08 01:55:24.874] UI: YouTube state reset to default
[2026-09-08 01:55:25.217] UI: Starting event loop...
[2026-09-08 01:55:26.432] UI: Opened player in browser: http://localhost:8080/player.html?defaultVideoId=eyUUHfVm8Ik&trackInfoPosition=top-right&controllerSession=faa49fc49b2e4286b5059da81d244225
[2026-09-08 01:55:27.879] PlayerHttpServer: Queued command SET_CONFIG id=48d303ca video={"trackInfoPosition": "top-right"}
[2026-09-08 01:55:27.879] UI: Sent SET_CONFIG to player - trackInfoPosition: top-right
[2026-09-08 01:55:28.145] PlayerHttpServer: ACK 48d303ca100e4607938e6fe6f75c3e42 status=accepted cmd=SET_CONFIG
[2026-09-08 01:55:28.278] PlayerHttpServer: Queued command REQUEST_PLAYER_STATE id=ec6dfe1a video=
[2026-09-08 01:55:28.278] UI: Requested one-shot A/B player state snapshots
[2026-09-08 01:55:28.662] PlayerHttpServer: ACK ec6dfe1a3aca4b90ad66a870d09eb6c1 status=accepted cmd=REQUEST_PLAYER_STATE
[2026-09-08 01:55:28.663] UI: Player feedback received - state: idle, player: A, video: 
[2026-09-08 01:55:28.663] UI: Player feedback received - state: idle, player: B, video: 
[2026-09-08 01:55:29.763] HotkeyService: Unregistered all Win32 hotkeys
[2026-09-08 01:55:29.763] MidiService: Updating config. Device='', Mappings: {}
[2026-09-08 01:55:29.763] SettingsDialog: Hotkeys and MIDI triggers disabled while settings dialog is open
[2026-09-08 01:55:29.816] UI: Player feedback received - state: playing, player: A, video: eyUUHfVm8Ik
[2026-09-08 01:55:29.816] UI: YouTube video state updated to playing for video: eyUUHfVm8Ik
[2026-09-08 01:55:29.816] UI: Set current_playing_video_id to: eyUUHfVm8Ik
[2026-09-08 01:55:29.816] UI: Updating delegate - state: playing, video_id: eyUUHfVm8Ik
[2026-09-08 01:55:29.816] Delegate: set_video_state called - state: playing, video_id: eyUUHfVm8Ik
[2026-09-08 01:55:29.816] Delegate: Updated all items to maintain current video border
[2026-09-08 01:55:29.816] UI: Selected thumbnail border color updated for state: playing, video: eyUUHfVm8Ik
[2026-09-08 01:55:29.816] UI: Player feedback received - state: unstarted, player: A, video: eyUUHfVm8Ik
[2026-09-08 01:55:29.827] UI: Player feedback received - state: buffering, player: A, video: eyUUHfVm8Ik
[2026-09-08 01:55:30.162] UI: Player feedback received - state: playing, player: A, video: eyUUHfVm8Ik
[2026-09-08 01:55:30.162] UI: YouTube video state updated to playing for video: eyUUHfVm8Ik
[2026-09-08 01:55:30.162] UI: Set current_playing_video_id to: eyUUHfVm8Ik
[2026-09-08 01:55:30.162] UI: Updating delegate - state: playing, video_id: eyUUHfVm8Ik
[2026-09-08 01:55:30.162] Delegate: set_video_state called - state: playing, video_id: eyUUHfVm8Ik
[2026-09-08 01:55:30.162] Delegate: Updated all items to maintain current video border
[2026-09-08 01:55:30.162] UI: Selected thumbnail border color updated for state: playing, video: eyUUHfVm8Ik
[2026-09-08 01:55:33.444] Settings: Saving DB Path: C:\Users\NINO\AppData\Roaming\Pioneer\rekordbox\master.db, Interval: 10
[2026-09-08 01:55:33.444] Settings: Saving Hotkeys - Up: ctrl+shift+up, Down: ctrl+shift+down, Left: ctrl+shift+left, Right: ctrl+shift+right
[2026-09-08 01:55:33.444] Settings: Saving YouTube Hotkeys - Preload: ctrl+enter, Play: shift+enter, Search: ctrl+shift+enter, Rewind: ctrl+;, Forward: ctrl+:
[2026-09-08 01:55:33.444] Settings: Saving Window Placement - AlwaysOnTop: False, HotkeyFront: True, SearchFront: False, DelayS: 3
[2026-09-08 01:55:33.444] Settings: Saving Seek Settings - Rewind: 2s, Forward: 2s, AutoPlaySeek: 0s
[2026-09-08 01:55:33.444] Settings: Saving YouTube API Keys: 0 key(s), active=none
[2026-09-08 01:55:33.444] Settings: Saving Rekordbox YouTube Search Template: %tracktitle% %comment%
[2026-09-08 01:55:33.444] Settings: Saving Shazam YouTube Search Template: %tracktitle% %artist%
[2026-09-08 01:55:33.444] Settings: Saving Shazam recording duration: 6s
[2026-09-08 01:55:33.444] ConfigService: Config saved to C:\Users\NINO\Downloads\app_fixed_source_v1.2.10\dist\VJ_yattaro\config.json
[2026-09-08 01:55:33.444] YouTubeApiKeyStore: Saved 0 key(s), active=none to config.json
[2026-09-08 01:55:33.445] ConfigService: Config saved to C:\Users\NINO\Downloads\app_fixed_source_v1.2.10\dist\VJ_yattaro\config.json
[2026-09-08 01:55:33.445] HotkeyService: Unregistered all Win32 hotkeys
[2026-09-08 01:55:33.546] HotkeyService: Registered Win32 hotkey 'ctrl+shift+up' (ID:12, VK:0x26, Mod:0x6)
[2026-09-08 01:55:33.546] HotkeyService: Registered Win32 hotkey 'ctrl+shift+down' (ID:13, VK:0x28, Mod:0x6)
[2026-09-08 01:55:33.546] HotkeyService: Registered Win32 hotkey 'ctrl+shift+left' (ID:14, VK:0x25, Mod:0x6)
[2026-09-08 01:55:33.546] HotkeyService: Registered Win32 hotkey 'ctrl+shift+right' (ID:15, VK:0x27, Mod:0x6)
[2026-09-08 01:55:33.546] HotkeyService: Registered Win32 hotkey 'ctrl+enter' (ID:16, VK:0xd, Mod:0x2)
[2026-09-08 01:55:33.546] HotkeyService: Registered Win32 hotkey 'shift+enter' (ID:17, VK:0xd, Mod:0x4)
[2026-09-08 01:55:33.546] HotkeyService: Registered Win32 hotkey 'ctrl+shift+enter' (ID:18, VK:0xd, Mod:0x6)
[2026-09-08 01:55:33.546] HotkeyService: Registered Win32 hotkey 'ctrl+;' (ID:19, VK:0xbb, Mod:0x2)
[2026-09-08 01:55:33.546] HotkeyService: Registered Win32 hotkey 'ctrl+;' (ID:20, VK:0x6b, Mod:0x2)
[2026-09-08 01:55:33.546] HotkeyService: Registered Win32 hotkey 'ctrl+:' (ID:21, VK:0xba, Mod:0x2)
[2026-09-08 01:55:33.546] HotkeyService: Registered Win32 hotkey 'ctrl+:' (ID:22, VK:0x6a, Mod:0x2)
[2026-09-08 01:55:33.546] SettingsDialog: Hotkeys restored
[2026-09-08 01:55:33.546] MidiService: Updating config. Device='', Mappings: {}
[2026-09-08 01:55:33.552] UI: Settings dialog accepted. Reflecting changes...
[2026-09-08 01:55:33.631] UI: Theme -> dark
[2026-09-08 01:55:33.632] HistoryWatcher: Settings reloaded (interval=10.0s)
[2026-09-08 01:55:33.632] HotkeyService: Unregistered all Win32 hotkeys
[2026-09-08 01:55:33.733] HotkeyService: Registered Win32 hotkey 'ctrl+shift+up' (ID:23, VK:0x26, Mod:0x6)
[2026-09-08 01:55:33.733] HotkeyService: Registered Win32 hotkey 'ctrl+shift+down' (ID:24, VK:0x28, Mod:0x6)
[2026-09-08 01:55:33.733] HotkeyService: Registered Win32 hotkey 'ctrl+shift+left' (ID:25, VK:0x25, Mod:0x6)
[2026-09-08 01:55:33.733] HotkeyService: Registered Win32 hotkey 'ctrl+shift+right' (ID:26, VK:0x27, Mod:0x6)
[2026-09-08 01:55:33.733] HotkeyService: Registered Win32 hotkey 'ctrl+enter' (ID:27, VK:0xd, Mod:0x2)
[2026-09-08 01:55:33.733] HotkeyService: Registered Win32 hotkey 'shift+enter' (ID:28, VK:0xd, Mod:0x4)
[2026-09-08 01:55:33.733] HotkeyService: Registered Win32 hotkey 'ctrl+shift+enter' (ID:29, VK:0xd, Mod:0x6)
[2026-09-08 01:55:33.733] HotkeyService: Registered Win32 hotkey 'ctrl+;' (ID:30, VK:0xbb, Mod:0x2)
[2026-09-08 01:55:33.733] HotkeyService: Registered Win32 hotkey 'ctrl+;' (ID:31, VK:0x6b, Mod:0x2)
[2026-09-08 01:55:33.733] HotkeyService: Registered Win32 hotkey 'ctrl+:' (ID:32, VK:0xba, Mod:0x2)
[2026-09-08 01:55:33.733] HotkeyService: Registered Win32 hotkey 'ctrl+:' (ID:33, VK:0x6a, Mod:0x2)
[2026-09-08 01:55:33.733] UI: Hotkeys reloaded - Up: ctrl+shift+up, Down: ctrl+shift+down, Left: ctrl+shift+left, Right: ctrl+shift+right, Preload: ctrl+enter, Play: shift+enter, Search: ctrl+shift+enter, Rewind: ctrl+;, Forward: ctrl+:
[2026-09-08 01:55:33.733] MidiService: Updating config. Device='', Mappings: {}
[2026-09-08 01:55:33.733] UI: MIDI config reloaded - Device: 
[2026-09-08 01:55:33.733] PlayerHttpServer: Queued command SET_CONFIG id=26c13747 video={"trackInfoPosition": "top-right"}
[2026-09-08 01:55:33.733] UI: Sent SET_CONFIG to player - trackInfoPosition: top-right
[2026-09-08 01:55:34.044] PlayerHttpServer: Queued command REQUEST_PLAYER_STATE id=ffe0109b video=
[2026-09-08 01:55:34.044] UI: Requested one-shot A/B player state snapshots
[2026-09-08 01:55:34.053] PlayerHttpServer: ACK 26c13747c8fc4f9483a2b986d11e44c9 status=accepted cmd=SET_CONFIG
[2026-09-08 01:55:34.174] HistoryWatcher: Paused monitoring
[2026-09-08 01:55:34.207] ShazamService: Started (device=30, capture=48000Hz/mono/int16, shazam=16000Hz, recording=6s)
[2026-09-08 01:55:34.207] UI: Source mode -> Shazam
[2026-09-08 01:55:34.241] UI: Player feedback received - state: playing, player: A, video: eyUUHfVm8Ik
[2026-09-08 01:55:34.241] UI: YouTube video state updated to playing for video: eyUUHfVm8Ik
[2026-09-08 01:55:34.241] UI: Set current_playing_video_id to: eyUUHfVm8Ik
[2026-09-08 01:55:34.241] UI: Updating delegate - state: playing, video_id: eyUUHfVm8Ik
[2026-09-08 01:55:34.241] Delegate: set_video_state called - state: playing, video_id: eyUUHfVm8Ik
[2026-09-08 01:55:34.242] Delegate: Updated all items to maintain current video border
[2026-09-08 01:55:34.242] UI: Selected thumbnail border color updated for state: playing, video: eyUUHfVm8Ik
[2026-09-08 01:55:34.473] PlayerHttpServer: ACK ffe0109bea2a49e193ca1671a713039b status=accepted cmd=REQUEST_PLAYER_STATE
[2026-09-08 01:55:34.474] UI: Player feedback received - state: idle, player: B, video: 
[2026-09-08 01:55:35.160] UI: Player feedback received - state: ended, player: A, video: eyUUHfVm8Ik
[2026-09-08 01:55:35.178] UI: Player feedback received - state: playing, player: A, video: eyUUHfVm8Ik
[2026-09-08 01:55:35.178] UI: YouTube video state updated to playing for video: eyUUHfVm8Ik
[2026-09-08 01:55:35.178] UI: Set current_playing_video_id to: eyUUHfVm8Ik
[2026-09-08 01:55:35.178] UI: Updating delegate - state: playing, video_id: eyUUHfVm8Ik
[2026-09-08 01:55:35.178] Delegate: set_video_state called - state: playing, video_id: eyUUHfVm8Ik
[2026-09-08 01:55:35.178] Delegate: Updated all items to maintain current video border
[2026-09-08 01:55:35.178] UI: Selected thumbnail border color updated for state: playing, video: eyUUHfVm8Ik
[2026-09-08 01:55:35.193] UI: Player feedback received - state: buffering, player: A, video: eyUUHfVm8Ik
[2026-09-08 01:55:35.206] UI: Player feedback received - state: playing, player: A, video: eyUUHfVm8Ik
[2026-09-08 01:55:35.207] UI: YouTube video state updated to playing for video: eyUUHfVm8Ik
[2026-09-08 01:55:35.207] UI: Set current_playing_video_id to: eyUUHfVm8Ik
[2026-09-08 01:55:35.207] UI: Updating delegate - state: playing, video_id: eyUUHfVm8Ik
[2026-09-08 01:55:35.207] Delegate: set_video_state called - state: playing, video_id: eyUUHfVm8Ik
[2026-09-08 01:55:35.207] Delegate: Updated all items to maintain current video border
[2026-09-08 01:55:35.207] UI: Selected thumbnail border color updated for state: playing, video: eyUUHfVm8Ik
[2026-09-08 01:55:35.625] ShazamWebView: 2026-09-08T01:55:35.6206278+09:00 Navigation success=True status=200 uri=https://www.shazam.com/ja-jp
[2026-09-08 01:55:35.636] ShazamWebView: 2026-09-08T01:55:35.6369420+09:00 Ready; WebView2=152.0.4191.66; locale=ja-JP; instance=lane-1; input=app-WAV
[2026-09-08 01:55:35.684] ShazamService: WebView2 lane 1 prewarm ready
[2026-09-08 01:55:36.654] ShazamWebView: 2026-09-08T01:55:36.6512594+09:00 Navigation success=True status=200 uri=https://www.shazam.com/ja-jp
[2026-09-08 01:55:36.657] ShazamWebView: 2026-09-08T01:55:36.6578038+09:00 Ready; WebView2=152.0.4191.66; locale=ja-JP; instance=lane-2; input=app-WAV
[2026-09-08 01:55:36.681] ShazamService: WebView2 lane 2 prewarm ready
[2026-09-08 01:55:40.249] UI: Player feedback received - state: ended, player: A, video: eyUUHfVm8Ik
[2026-09-08 01:55:40.287] UI: Player feedback received - state: playing, player: A, video: eyUUHfVm8Ik
[2026-09-08 01:55:40.287] UI: YouTube video state updated to playing for video: eyUUHfVm8Ik
[2026-09-08 01:55:40.287] UI: Set current_playing_video_id to: eyUUHfVm8Ik
[2026-09-08 01:55:40.287] UI: Updating delegate - state: playing, video_id: eyUUHfVm8Ik
[2026-09-08 01:55:40.287] Delegate: set_video_state called - state: playing, video_id: eyUUHfVm8Ik
[2026-09-08 01:55:40.287] Delegate: Updated all items to maintain current video border
[2026-09-08 01:55:40.287] UI: Selected thumbnail border color updated for state: playing, video: eyUUHfVm8Ik
[2026-09-08 01:55:40.289] UI: Player feedback received - state: buffering, player: A, video: eyUUHfVm8Ik
[2026-09-08 01:55:40.301] UI: Player feedback received - state: playing, player: A, video: eyUUHfVm8Ik
[2026-09-08 01:55:40.301] UI: YouTube video state updated to playing for video: eyUUHfVm8Ik
[2026-09-08 01:55:40.301] UI: Set current_playing_video_id to: eyUUHfVm8Ik
[2026-09-08 01:55:40.301] UI: Updating delegate - state: playing, video_id: eyUUHfVm8Ik
[2026-09-08 01:55:40.301] Delegate: set_video_state called - state: playing, video_id: eyUUHfVm8Ik
[2026-09-08 01:55:40.301] Delegate: Updated all items to maintain current video border
[2026-09-08 01:55:40.301] UI: Selected thumbnail border color updated for state: playing, video: eyUUHfVm8Ik
[2026-09-08 01:55:40.333] ShazamService: Scheduled recognition lane=1 seq=0 stagger=4.0s
[2026-09-08 01:55:40.460] ShazamWebView: 2026-09-08T01:55:40.4609614+09:00 App recording decoded by WebView2.
[2026-09-08 01:55:40.468] ShazamWebView: 2026-09-08T01:55:40.4689463+09:00 Recognition start id=b0c20635db6d467597c952f758e7414d label=shazamの音楽認識ボタン baselineAppleIds=30
[2026-09-08 01:55:40.537] ShazamWebView: 2026-09-08T01:55:40.5380219+09:00 Official page requested app-supplied audio; stream running.
[2026-09-08 01:55:40.538] ShazamWebView: 2026-09-08T01:55:40.5384363+09:00 Official page requested app-supplied audio; stream running.
[2026-09-08 01:55:44.374] ShazamService: Scheduled recognition lane=2 seq=1 stagger=4.0s
[2026-09-08 01:55:44.533] ShazamWebView: 2026-09-08T01:55:44.5341747+09:00 App recording decoded by WebView2.
[2026-09-08 01:55:44.546] ShazamWebView: 2026-09-08T01:55:44.5472999+09:00 Recognition start id=46c685eee8ab458482b719eb3c7d93b9 label=shazamの音楽認識ボタン baselineAppleIds=30
[2026-09-08 01:55:44.626] ShazamWebView: 2026-09-08T01:55:44.6271891+09:00 Official page requested app-supplied audio; stream running.
[2026-09-08 01:55:44.627] ShazamWebView: 2026-09-08T01:55:44.6274609+09:00 Official page requested app-supplied audio; stream running.
[2026-09-08 01:55:44.894] ShazamWebView: 2026-09-08T01:55:44.8945265+09:00 Route evidence title=炉心融解 (feat. 鏡音リン) artist=iroha(sasaki) shazamTrackId=396653930 appleTrackId= source=jsonld
[2026-09-08 01:55:44.897] ShazamWebView: 2026-09-08T01:55:44.8975661+09:00 Recognized route source=jsonld shazamTrackId=396653930 appleTrackId= title=炉心融解 (feat. 鏡音リン) artist=iroha(sasaki)
[2026-09-08 01:55:44.922] ShazamMetadata: route identity shazamTrackId=396653930 slugTitle='Meltdown Feat 鏡音リン' observedTitle='炉心融解 (feat. 鏡音リン)' trustedTitle='' artist='iroha(sasaki)' appleMusic='' source='jsonld'
[2026-09-08 01:55:44.922] ShazamMetadata: Apple strict search using live Shazam evidence first title='炉心融解 (feat. 鏡音リン)' artist='iroha(sasaki)'
[2026-09-08 01:55:45.132] ConfigService: Config saved to C:\Users\NINO\Downloads\app_fixed_source_v1.2.10\dist\VJ_yattaro\config.json
[2026-09-08 01:55:45.132] UI: Auto-play top search result -> ON
[2026-09-08 01:55:45.360] UI: Player feedback received - state: ended, player: A, video: eyUUHfVm8Ik
[2026-09-08 01:55:45.362] UI: Player feedback received - state: playing, player: A, video: eyUUHfVm8Ik
[2026-09-08 01:55:45.362] UI: YouTube video state updated to playing for video: eyUUHfVm8Ik
[2026-09-08 01:55:45.362] UI: Set current_playing_video_id to: eyUUHfVm8Ik
[2026-09-08 01:55:45.362] UI: Updating delegate - state: playing, video_id: eyUUHfVm8Ik
[2026-09-08 01:55:45.362] Delegate: set_video_state called - state: playing, video_id: eyUUHfVm8Ik
[2026-09-08 01:55:45.362] Delegate: Updated all items to maintain current video border
[2026-09-08 01:55:45.362] UI: Selected thumbnail border color updated for state: playing, video: eyUUHfVm8Ik
[2026-09-08 01:55:45.378] UI: Player feedback received - state: buffering, player: A, video: eyUUHfVm8Ik
[2026-09-08 01:55:45.380] UI: Player feedback received - state: playing, player: A, video: eyUUHfVm8Ik
[2026-09-08 01:55:45.380] UI: YouTube video state updated to playing for video: eyUUHfVm8Ik
[2026-09-08 01:55:45.380] UI: Set current_playing_video_id to: eyUUHfVm8Ik
[2026-09-08 01:55:45.380] UI: Updating delegate - state: playing, video_id: eyUUHfVm8Ik
[2026-09-08 01:55:45.380] Delegate: set_video_state called - state: playing, video_id: eyUUHfVm8Ik
[2026-09-08 01:55:45.380] Delegate: Updated all items to maintain current video border
[2026-09-08 01:55:45.380] UI: Selected thumbnail border color updated for state: playing, video: eyUUHfVm8Ik
[2026-09-08 01:55:45.992] ShazamMetadata: Apple strict search accepted shazamTitle='炉心融解 (feat. 鏡音リン)' artist='iroha(sasaki)' appleTrackId=396653930 enTitle='炉心融解 (feat. 鏡音リン)' enArtist='iroha(sasaki)' jpTitle='炉心融解 (feat. 鏡音リン)' exactMatches=1
[2026-09-08 01:55:45.992] ShazamService: WebView2 lane=1 seq=0 result source=jsonld appleTrackId= title='炉心融解 (feat. 鏡音リン)' artist='iroha(sasaki)'
[2026-09-08 01:55:45.996] UI: Shazam detected iroha(sasaki) - 炉心融解 (feat. 鏡音リン) at 2026-09-08 01:55:45
[2026-09-08 01:55:45.998] UI: Track info saved - title: 炉心融解 (feat. 鏡音リン), artist: iroha(sasaki), comment: 
[2026-09-08 01:55:45.998] UI: YouTube API key not configured
[2026-09-08 01:55:45.999] UI: Search completed - search box enabled
[2026-09-08 01:55:45.999] ShazamService: Recognized lane=1 seq=0 iroha(sasaki) - 炉心融解 (feat. 鏡音リン)
[2026-09-08 01:55:48.420] ShazamService: Scheduled recognition lane=1 seq=2 stagger=4.0s
[2026-09-08 01:55:49.131] ShazamWebView: 2026-09-08T01:55:49.1324596+09:00 Navigation success=True status=200 uri=https://www.shazam.com/ja-jp
[2026-09-08 01:55:49.199] ShazamWebView: 2026-09-08T01:55:49.1996764+09:00 App recording decoded by WebView2.
[2026-09-08 01:55:49.212] ShazamWebView: 2026-09-08T01:55:49.2129678+09:00 Recognition start id=48dcf15d228a443b9d0a50dd27f5b0ab label=shazamの音楽認識ボタン baselineAppleIds=30
[2026-09-08 01:55:49.280] ShazamWebView: 2026-09-08T01:55:49.2816988+09:00 Official page requested app-supplied audio; stream running.
[2026-09-08 01:55:49.281] ShazamWebView: 2026-09-08T01:55:49.2819319+09:00 Official page requested app-supplied audio; stream running.
[2026-09-08 01:55:50.451] UI: Player feedback received - state: ended, player: A, video: eyUUHfVm8Ik
[2026-09-08 01:55:50.453] UI: Player feedback received - state: playing, player: A, video: eyUUHfVm8Ik
[2026-09-08 01:55:50.453] UI: YouTube video state updated to playing for video: eyUUHfVm8Ik
[2026-09-08 01:55:50.453] UI: Set current_playing_video_id to: eyUUHfVm8Ik
[2026-09-08 01:55:50.453] UI: Updating delegate - state: playing, video_id: eyUUHfVm8Ik
[2026-09-08 01:55:50.453] Delegate: set_video_state called - state: playing, video_id: eyUUHfVm8Ik
[2026-09-08 01:55:50.453] Delegate: Updated all items to maintain current video border
[2026-09-08 01:55:50.453] UI: Selected thumbnail border color updated for state: playing, video: eyUUHfVm8Ik
[2026-09-08 01:55:50.463] UI: Player feedback received - state: buffering, player: A, video: eyUUHfVm8Ik
[2026-09-08 01:55:50.464] UI: Player feedback received - state: playing, player: A, video: eyUUHfVm8Ik
[2026-09-08 01:55:50.464] UI: YouTube video state updated to playing for video: eyUUHfVm8Ik
[2026-09-08 01:55:50.464] UI: Set current_playing_video_id to: eyUUHfVm8Ik
[2026-09-08 01:55:50.464] UI: Updating delegate - state: playing, video_id: eyUUHfVm8Ik
[2026-09-08 01:55:50.464] Delegate: set_video_state called - state: playing, video_id: eyUUHfVm8Ik
[2026-09-08 01:55:50.464] Delegate: Updated all items to maintain current video border
[2026-09-08 01:55:50.464] UI: Selected thumbnail border color updated for state: playing, video: eyUUHfVm8Ik
[2026-09-08 01:55:51.477] HotkeyService: Unregistered all Win32 hotkeys
[2026-09-08 01:55:51.477] MidiService: Updating config. Device='', Mappings: {}
[2026-09-08 01:55:51.477] SettingsDialog: Hotkeys and MIDI triggers disabled while settings dialog is open
[2026-09-08 01:55:52.737] ShazamWebView: 2026-09-08T01:55:52.7379251+09:00 Route evidence title= artist= shazamTrackId=1010642149 appleTrackId= source=route-only
[2026-09-08 01:55:52.737] ShazamWebView: 2026-09-08T01:55:52.7380926+09:00 Recognized route source=shazam-route shazamTrackId=1010642149 appleTrackId= title= artist=
[2026-09-08 01:55:52.742] ShazamMetadata: route identity shazamTrackId=1010642149 slugTitle='Roshin Yukai' observedTitle='' trustedTitle='' artist='' appleMusic='' source='shazam-route'
[2026-09-08 01:55:52.742] ShazamMetadata: Apple Japanese metadata accepted by exact Shazam /song ID trackId=1010642149 routeTitle='Roshin Yukai' appleTitle='炉心融解(カバー)feat. リツカ' artist='iroha'
[2026-09-08 01:55:52.744] ShazamService: WebView2 lane=2 seq=1 result source=shazam-route appleTrackId= title='炉心融解(カバー)feat. リツカ' artist='iroha'
[2026-09-08 01:55:52.745] UI: Shazam detected iroha - 炉心融解(カバー)feat. リツカ at 2026-09-08 01:55:52
[2026-09-08 01:55:52.745] UI: Track info saved - title: 炉心融解(カバー)feat. リツカ, artist: iroha, comment: 
[2026-09-08 01:55:52.746] UI: YouTube API key not configured
[2026-09-08 01:55:52.746] UI: Search completed - search box enabled
[2026-09-08 01:55:52.746] ShazamService: Recognized lane=2 seq=1 iroha - 炉心融解(カバー)feat. リツカ
[2026-09-08 01:55:52.747] ShazamService: Scheduled recognition lane=2 seq=3 stagger=4.0s
[2026-09-08 01:55:53.432] ShazamWebView: 2026-09-08T01:55:53.4331598+09:00 Navigation success=True status=200 uri=https://www.shazam.com/ja-jp
[2026-09-08 01:55:53.498] ShazamWebView: 2026-09-08T01:55:53.4992319+09:00 App recording decoded by WebView2.
[2026-09-08 01:55:53.507] ShazamWebView: 2026-09-08T01:55:53.5073087+09:00 Recognition start id=cd756081d25f4312a6b86eb9818114b3 label=shazamの音楽認識ボタン baselineAppleIds=30
[2026-09-08 01:55:53.577] ShazamWebView: 2026-09-08T01:55:53.5780291+09:00 Official page requested app-supplied audio; stream running.
[2026-09-08 01:55:53.577] ShazamWebView: 2026-09-08T01:55:53.5783255+09:00 Official page requested app-supplied audio; stream running.
[2026-09-08 01:55:54.352] UI: Player feedback received - state: paused, player: A, video: eyUUHfVm8Ik
[2026-09-08 01:55:56.955] ShazamWebView: 2026-09-08T01:55:56.9561991+09:00 Route evidence title= artist= shazamTrackId=1010642149 appleTrackId= source=route-only
[2026-09-08 01:55:56.956] ShazamWebView: 2026-09-08T01:55:56.9563136+09:00 Recognized route source=shazam-route shazamTrackId=1010642149 appleTrackId= title= artist=
[2026-09-08 01:55:56.957] ShazamService: WebView2 lane=1 seq=2 result source=shazam-route appleTrackId= title='炉心融解(カバー)feat. リツカ' artist='iroha'
[2026-09-08 01:55:56.958] ShazamService: Scheduled recognition lane=1 seq=4 stagger=4.0s
[2026-09-08 01:55:57.694] ShazamWebView: 2026-09-08T01:55:57.6946427+09:00 Navigation success=True status=200 uri=https://www.shazam.com/ja-jp
[2026-09-08 01:55:57.757] ShazamWebView: 2026-09-08T01:55:57.7577524+09:00 App recording decoded by WebView2.
[2026-09-08 01:55:57.766] ShazamWebView: 2026-09-08T01:55:57.7673185+09:00 Recognition start id=e7f2a6ad1867404aa6234565419be9ca label=shazamの音楽認識ボタン baselineAppleIds=30
[2026-09-08 01:55:57.841] ShazamWebView: 2026-09-08T01:55:57.8413481+09:00 Official page requested app-supplied audio; stream running.
[2026-09-08 01:55:57.841] ShazamWebView: 2026-09-08T01:55:57.8418022+09:00 Official page requested app-supplied audio; stream running.
[2026-09-08 01:56:01.269] ShazamWebView: 2026-09-08T01:56:01.2696905+09:00 Route evidence title= artist= shazamTrackId=1010642149 appleTrackId= source=route-only
[2026-09-08 01:56:01.269] ShazamWebView: 2026-09-08T01:56:01.2697672+09:00 Recognized route source=shazam-route shazamTrackId=1010642149 appleTrackId= title= artist=
[2026-09-08 01:56:01.271] ShazamService: WebView2 lane=2 seq=3 result source=shazam-route appleTrackId= title='炉心融解(カバー)feat. リツカ' artist='iroha'
[2026-09-08 01:56:01.272] ShazamService: Scheduled recognition lane=2 seq=5 stagger=4.0s
[2026-09-08 01:56:01.936] ShazamWebView: 2026-09-08T01:56:01.9362338+09:00 Navigation success=True status=200 uri=https://www.shazam.com/ja-jp
[2026-09-08 01:56:01.996] ShazamWebView: 2026-09-08T01:56:01.9967324+09:00 App recording decoded by WebView2.
[2026-09-08 01:56:02.005] ShazamWebView: 2026-09-08T01:56:02.0052853+09:00 Recognition start id=a8edcb5b1c824a61aee3ff324e515f4c label=shazamの音楽認識ボタン baselineAppleIds=30
[2026-09-08 01:56:02.080] ShazamWebView: 2026-09-08T01:56:02.0806840+09:00 Official page requested app-supplied audio; stream running.
[2026-09-08 01:56:02.080] ShazamWebView: 2026-09-08T01:56:02.0808730+09:00 Official page requested app-supplied audio; stream running.
[2026-09-08 01:56:05.559] ShazamWebView: 2026-09-08T01:56:05.5598171+09:00 Route evidence title= artist= shazamTrackId=1010642149 appleTrackId= source=route-only
[2026-09-08 01:56:05.559] ShazamWebView: 2026-09-08T01:56:05.5598705+09:00 Recognized route source=shazam-route shazamTrackId=1010642149 appleTrackId= title= artist=
[2026-09-08 01:56:05.561] ShazamService: WebView2 lane=1 seq=4 result source=shazam-route appleTrackId= title='炉心融解(カバー)feat. リツカ' artist='iroha'
[2026-09-08 01:56:05.562] ShazamService: Scheduled recognition lane=1 seq=6 stagger=4.0s
[2026-09-08 01:56:05.782] ShazamWebView: 2026-09-08T01:56:05.7820293+09:00 Route evidence title=炉心融解 (feat. 鏡音リン) artist=iroha(sasaki) shazamTrackId=396653930 appleTrackId= source=jsonld
[2026-09-08 01:56:05.785] ShazamWebView: 2026-09-08T01:56:05.7852857+09:00 Recognized route source=jsonld shazamTrackId=396653930 appleTrackId= title=炉心融解 (feat. 鏡音リン) artist=iroha(sasaki)
[2026-09-08 01:56:05.807] ShazamService: WebView2 lane=2 seq=5 result source=jsonld appleTrackId= title='炉心融解 (feat. 鏡音リン)' artist='iroha(sasaki)'
[2026-09-08 01:56:05.808] UI: Shazam detected iroha(sasaki) - 炉心融解 (feat. 鏡音リン) at 2026-09-08 01:56:05
[2026-09-08 01:56:05.808] UI: Track info saved - title: 炉心融解 (feat. 鏡音リン), artist: iroha(sasaki), comment: 
[2026-09-08 01:56:05.808] UI: YouTube API key not configured
[2026-09-08 01:56:05.809] UI: Search completed - search box enabled
[2026-09-08 01:56:05.809] ShazamService: Recognized lane=2 seq=5 iroha(sasaki) - 炉心融解 (feat. 鏡音リン)
[2026-09-08 01:56:06.154] ShazamWebView: 2026-09-08T01:56:06.1548870+09:00 Navigation success=True status=200 uri=https://www.shazam.com/ja-jp
[2026-09-08 01:56:06.207] ShazamWebView: 2026-09-08T01:56:06.2088849+09:00 App recording decoded by WebView2.
[2026-09-08 01:56:06.223] ShazamWebView: 2026-09-08T01:56:06.2242041+09:00 Recognition start id=bc856fb3402947ceba7084a8c28603d6 label=shazamの音楽認識ボタン baselineAppleIds=30
[2026-09-08 01:56:06.295] ShazamWebView: 2026-09-08T01:56:06.2951892+09:00 Official page requested app-supplied audio; stream running.
[2026-09-08 01:56:06.295] ShazamWebView: 2026-09-08T01:56:06.2955254+09:00 Official page requested app-supplied audio; stream running.
[2026-09-08 01:56:09.655] ShazamService: Scheduled recognition lane=2 seq=7 stagger=4.0s
[2026-09-08 01:56:10.234] ShazamWebView: 2026-09-08T01:56:10.2345552+09:00 Navigation success=True status=200 uri=https://www.shazam.com/ja-jp
[2026-09-08 01:56:10.292] ShazamWebView: 2026-09-08T01:56:10.2935971+09:00 App recording decoded by WebView2.
[2026-09-08 01:56:10.303] ShazamWebView: 2026-09-08T01:56:10.3033017+09:00 Recognition start id=77f898b3177b41bd89ff0b3b1fa1123f label=shazamの音楽認識ボタン baselineAppleIds=30
[2026-09-08 01:56:10.374] ShazamWebView: 2026-09-08T01:56:10.3757003+09:00 Official page requested app-supplied audio; stream running.
[2026-09-08 01:56:10.375] ShazamWebView: 2026-09-08T01:56:10.3759961+09:00 Official page requested app-supplied audio; stream running.
[2026-09-08 01:56:12.127] Settings: Saving DB Path: C:\Users\NINO\AppData\Roaming\Pioneer\rekordbox\master.db, Interval: 10
[2026-09-08 01:56:12.127] Settings: Saving Hotkeys - Up: ctrl+shift+up, Down: ctrl+shift+down, Left: ctrl+shift+left, Right: ctrl+shift+right
[2026-09-08 01:56:12.127] Settings: Saving YouTube Hotkeys - Preload: ctrl+enter, Play: shift+enter, Search: ctrl+shift+enter, Rewind: ctrl+;, Forward: ctrl+:
[2026-09-08 01:56:12.127] Settings: Saving Window Placement - AlwaysOnTop: False, HotkeyFront: True, SearchFront: False, DelayS: 3
[2026-09-08 01:56:12.127] Settings: Saving Seek Settings - Rewind: 2s, Forward: 2s, AutoPlaySeek: 0s
[2026-09-08 01:56:12.127] Settings: Saving YouTube API Keys: 1 key(s), active=1
[2026-09-08 01:56:12.127] Settings: Saving Rekordbox YouTube Search Template: %tracktitle% %comment%
[2026-09-08 01:56:12.127] Settings: Saving Shazam YouTube Search Template: %tracktitle% %artist%
[2026-09-08 01:56:12.127] Settings: Saving Shazam recording duration: 6s
[2026-09-08 01:56:12.129] ConfigService: Config saved to C:\Users\NINO\Downloads\app_fixed_source_v1.2.10\dist\VJ_yattaro\config.json
[2026-09-08 01:56:12.129] YouTubeApiKeyStore: Saved 1 key(s), active=1 to config.json
[2026-09-08 01:56:12.129] ConfigService: Config saved to C:\Users\NINO\Downloads\app_fixed_source_v1.2.10\dist\VJ_yattaro\config.json
[2026-09-08 01:56:12.129] HotkeyService: Unregistered all Win32 hotkeys
[2026-09-08 01:56:12.230] HotkeyService: Registered Win32 hotkey 'ctrl+shift+up' (ID:34, VK:0x26, Mod:0x6)
[2026-09-08 01:56:12.230] HotkeyService: Registered Win32 hotkey 'ctrl+shift+down' (ID:35, VK:0x28, Mod:0x6)
[2026-09-08 01:56:12.230] HotkeyService: Registered Win32 hotkey 'ctrl+shift+left' (ID:36, VK:0x25, Mod:0x6)
[2026-09-08 01:56:12.230] HotkeyService: Registered Win32 hotkey 'ctrl+shift+right' (ID:37, VK:0x27, Mod:0x6)
[2026-09-08 01:56:12.230] HotkeyService: Registered Win32 hotkey 'ctrl+enter' (ID:38, VK:0xd, Mod:0x2)
[2026-09-08 01:56:12.230] HotkeyService: Registered Win32 hotkey 'shift+enter' (ID:39, VK:0xd, Mod:0x4)
[2026-09-08 01:56:12.230] HotkeyService: Registered Win32 hotkey 'ctrl+shift+enter' (ID:40, VK:0xd, Mod:0x6)
[2026-09-08 01:56:12.230] HotkeyService: Registered Win32 hotkey 'ctrl+;' (ID:41, VK:0xbb, Mod:0x2)
[2026-09-08 01:56:12.230] HotkeyService: Registered Win32 hotkey 'ctrl+;' (ID:42, VK:0x6b, Mod:0x2)
[2026-09-08 01:56:12.230] HotkeyService: Registered Win32 hotkey 'ctrl+:' (ID:43, VK:0xba, Mod:0x2)
[2026-09-08 01:56:12.230] HotkeyService: Registered Win32 hotkey 'ctrl+:' (ID:44, VK:0x6a, Mod:0x2)
[2026-09-08 01:56:12.230] SettingsDialog: Hotkeys restored
[2026-09-08 01:56:12.230] MidiService: Updating config. Device='', Mappings: {}
[2026-09-08 01:56:12.237] UI: Settings dialog accepted. Reflecting changes...
[2026-09-08 01:56:12.390] UI: Theme -> dark
[2026-09-08 01:56:12.390] HistoryWatcher: Settings reloaded (interval=10.0s)
[2026-09-08 01:56:12.407] ShazamService: Stopped
[2026-09-08 01:56:12.439] ShazamService: Started (device=30, capture=48000Hz/mono/int16, shazam=16000Hz, recording=6s)
[2026-09-08 01:56:12.439] HotkeyService: Unregistered all Win32 hotkeys
[2026-09-08 01:56:12.540] HotkeyService: Registered Win32 hotkey 'ctrl+shift+up' (ID:45, VK:0x26, Mod:0x6)
[2026-09-08 01:56:12.540] HotkeyService: Registered Win32 hotkey 'ctrl+shift+down' (ID:46, VK:0x28, Mod:0x6)
[2026-09-08 01:56:12.540] HotkeyService: Registered Win32 hotkey 'ctrl+shift+left' (ID:47, VK:0x25, Mod:0x6)
[2026-09-08 01:56:12.540] HotkeyService: Registered Win32 hotkey 'ctrl+shift+right' (ID:48, VK:0x27, Mod:0x6)
[2026-09-08 01:56:12.540] HotkeyService: Registered Win32 hotkey 'ctrl+enter' (ID:49, VK:0xd, Mod:0x2)
[2026-09-08 01:56:12.540] HotkeyService: Registered Win32 hotkey 'shift+enter' (ID:50, VK:0xd, Mod:0x4)
[2026-09-08 01:56:12.540] HotkeyService: Registered Win32 hotkey 'ctrl+shift+enter' (ID:51, VK:0xd, Mod:0x6)
[2026-09-08 01:56:12.540] HotkeyService: Registered Win32 hotkey 'ctrl+;' (ID:52, VK:0xbb, Mod:0x2)
[2026-09-08 01:56:12.540] HotkeyService: Registered Win32 hotkey 'ctrl+;' (ID:53, VK:0x6b, Mod:0x2)
[2026-09-08 01:56:12.540] HotkeyService: Registered Win32 hotkey 'ctrl+:' (ID:54, VK:0xba, Mod:0x2)
[2026-09-08 01:56:12.540] HotkeyService: Registered Win32 hotkey 'ctrl+:' (ID:55, VK:0x6a, Mod:0x2)
[2026-09-08 01:56:12.540] UI: Hotkeys reloaded - Up: ctrl+shift+up, Down: ctrl+shift+down, Left: ctrl+shift+left, Right: ctrl+shift+right, Preload: ctrl+enter, Play: shift+enter, Search: ctrl+shift+enter, Rewind: ctrl+;, Forward: ctrl+:
[2026-09-08 01:56:12.540] MidiService: Updating config. Device='', Mappings: {}
[2026-09-08 01:56:12.540] UI: MIDI config reloaded - Device: 
[2026-09-08 01:56:12.540] PlayerHttpServer: Queued command SET_CONFIG id=c9811a51 video={"trackInfoPosition": "top-right"}
[2026-09-08 01:56:12.540] UI: Sent SET_CONFIG to player - trackInfoPosition: top-right
[2026-09-08 01:56:12.839] PlayerHttpServer: ACK c9811a518fb241d8beb9c5f5488f1704 status=accepted cmd=SET_CONFIG
[2026-09-08 01:56:12.841] PlayerHttpServer: Queued command REQUEST_PLAYER_STATE id=a154cf19 video=
[2026-09-08 01:56:12.841] UI: Requested one-shot A/B player state snapshots
[2026-09-08 01:56:13.588] ShazamWebView: 2026-09-08T01:56:13.5837980+09:00 Navigation success=True status=200 uri=https://www.shazam.com/ja-jp
[2026-09-08 01:56:13.591] PlayerHttpServer: ACK a154cf197bf44042b2e864eaba5d297e status=accepted cmd=REQUEST_PLAYER_STATE
[2026-09-08 01:56:13.591] UI: Player feedback received - state: paused, player: A, video: eyUUHfVm8Ik
[2026-09-08 01:56:13.591] UI: Player feedback received - state: idle, player: B, video: 
[2026-09-08 01:56:13.595] ShazamWebView: 2026-09-08T01:56:13.5952054+09:00 Ready; WebView2=152.0.4191.66; locale=ja-JP; instance=lane-1; input=app-WAV
[2026-09-08 01:56:13.622] ShazamService: WebView2 lane 1 prewarm ready
[2026-09-08 01:56:13.660] UI: Double clicked on track: 炉心融解 (feat. 鏡音リン) by iroha(sasaki)
[2026-09-08 01:56:13.660] UI: Track info saved - title: 炉心融解 (feat. 鏡音リン), artist: iroha(sasaki), comment: 
[2026-09-08 01:56:13.660] UI: Searching YouTube for: 炉心融解 feat. 鏡音リン iroha sasaki
[2026-09-08 01:56:13.661] UI: Search started - search box disabled
[2026-09-08 01:56:14.319] ShazamWebView: 2026-09-08T01:56:14.3160403+09:00 Navigation success=True status=200 uri=https://www.shazam.com/ja-jp
[2026-09-08 01:56:14.323] ShazamWebView: 2026-09-08T01:56:14.3238061+09:00 Ready; WebView2=152.0.4191.66; locale=ja-JP; instance=lane-2; input=app-WAV
[2026-09-08 01:56:14.349] ShazamService: WebView2 lane 2 prewarm ready
[2026-09-08 01:56:14.744] UI: Found 20 YouTube videos (showing 5 immediately)
[2026-09-08 01:56:14.744] UI: Auto-play skipped - manual YouTube search
[2026-09-08 01:56:14.745] UI: skipping _schedule_bring_to_back because window is active or recently clicked
[2026-09-08 01:56:14.747] UI: Search completed - search box enabled
[2026-09-08 01:56:14.943] UI: Selected first YouTube video after search
[2026-09-08 01:56:15.201] YouTubeListModel: Updated thumbnail for video dSw8CucthGc at index 0
[2026-09-08 01:56:15.201] UI: Thumbnail loaded for video dSw8CucthGc
[2026-09-08 01:56:15.231] UI: Added 15 remaining videos to list
[2026-09-08 01:56:15.234] UI: Restored selection to video dSw8CucthGc at index 0
[2026-09-08 01:56:15.670] YouTubeListModel: Updated thumbnail for video jrldXNpoaac at index 1
[2026-09-08 01:56:15.670] UI: Thumbnail loaded for video jrldXNpoaac
[2026-09-08 01:56:16.059] YouTubeListModel: Updated thumbnail for video LGxLbCQQkjI at index 2
[2026-09-08 01:56:16.059] UI: Thumbnail loaded for video LGxLbCQQkjI
[2026-09-08 01:56:16.402] YouTubeListModel: Updated thumbnail for video 5AHeGccSc9U at index 3
[2026-09-08 01:56:16.402] UI: Thumbnail loaded for video 5AHeGccSc9U
[2026-09-08 01:56:16.729] YouTubeListModel: Updated thumbnail for video ZahfSuDdpmc at index 4
[2026-09-08 01:56:16.729] UI: Thumbnail loaded for video ZahfSuDdpmc
[2026-09-08 01:56:17.065] YouTubeListModel: Updated thumbnail for video 8A4OqgiHkqs at index 5
[2026-09-08 01:56:17.065] UI: Thumbnail loaded for video 8A4OqgiHkqs
[2026-09-08 01:56:17.202] YouTubeListView: Selected video at index 0
[2026-09-08 01:56:17.297] UI: YouTube double-click event received for index <PySide6.QtCore.QModelIndex(0,0,0x0,YouTubeListModel(0x1e8715efe60)) at 0x000001E8306DA5C0>
[2026-09-08 01:56:17.297] UI: Video data extracted - ID: dSw8CucthGc, Title: [Official] 炉心融解 feat.鏡音リン  /  Meltdown feat.Kagamine Rin
[2026-09-08 01:56:17.297] UI: YouTube video double-clicked: [Official] 炉心融解 feat.鏡音リン  /  Meltdown feat.Kagamine Rin (dSw8CucthGc)
[2026-09-08 01:56:17.297] UI: Current last_clicked_video_id: None
[2026-09-08 01:56:17.297] UI: First click detected - sending PRELOAD for dSw8CucthGc
[2026-09-08 01:56:17.297] PlayerHttpServer: Queued command PRELOAD id=330613a7 video=dSw8CucthGc
[2026-09-08 01:56:17.297] UI: YouTube video state updated to preloading for video: dSw8CucthGc
[2026-09-08 01:56:17.297] UI: Updating delegate - state: preloading, video_id: dSw8CucthGc
[2026-09-08 01:56:17.297] Delegate: set_video_state called - state: preloading, video_id: dSw8CucthGc
[2026-09-08 01:56:17.297] Delegate: Updated all items to maintain current video border
[2026-09-08 01:56:17.297] UI: Selected thumbnail border color updated for state: preloading, video: dSw8CucthGc
[2026-09-08 01:56:17.297] UI: Sent PRELOAD command for video: dSw8CucthGc
[2026-09-08 01:56:17.297] UI: YouTube double-click processing completed successfully
[2026-09-08 01:56:17.330] YouTubeListModel: Updated thumbnail for video GJnVT550fcQ at index 6
[2026-09-08 01:56:17.330] UI: Thumbnail loaded for video GJnVT550fcQ
[2026-09-08 01:56:17.551] YouTubeListView: Selected video at index 0
[2026-09-08 01:56:17.616] UI: YouTube double-click event received for index <PySide6.QtCore.QModelIndex(0,0,0x0,YouTubeListModel(0x1e8715efe60)) at 0x000001E80FF321C0>
[2026-09-08 01:56:17.616] UI: Video data extracted - ID: dSw8CucthGc, Title: [Official] 炉心融解 feat.鏡音リン  /  Meltdown feat.Kagamine Rin
[2026-09-08 01:56:17.616] UI: YouTube video double-clicked: [Official] 炉心融解 feat.鏡音リン  /  Meltdown feat.Kagamine Rin (dSw8CucthGc)
[2026-09-08 01:56:17.616] UI: Current last_clicked_video_id: dSw8CucthGc
[2026-09-08 01:56:17.616] UI: Second click detected - sending PLAY for dSw8CucthGc
[2026-09-08 01:56:17.616] PlayerHttpServer: Queued command PLAY id=8bf55669 video=dSw8CucthGc
[2026-09-08 01:56:17.616] UI: YouTube video state updated to playing for video: dSw8CucthGc
[2026-09-08 01:56:17.616] UI: Set current_playing_video_id to: dSw8CucthGc
[2026-09-08 01:56:17.616] UI: Updating delegate - state: playing, video_id: dSw8CucthGc
[2026-09-08 01:56:17.616] Delegate: set_video_state called - state: playing, video_id: dSw8CucthGc
[2026-09-08 01:56:17.616] Delegate: Updated all items to maintain current video border
[2026-09-08 01:56:17.616] UI: Selected thumbnail border color updated for state: playing, video: dSw8CucthGc
[2026-09-08 01:56:17.616] UI: Sent PLAY command for video: dSw8CucthGc
[2026-09-08 01:56:17.616] UI: YouTube double-click processing completed successfully
[2026-09-08 01:56:17.648] YouTubeListModel: Updated thumbnail for video dEeYiUu5Wsw at index 7
[2026-09-08 01:56:17.648] UI: Thumbnail loaded for video dEeYiUu5Wsw
[2026-09-08 01:56:17.844] UI: Player feedback received - state: preloading, player: B, video: dSw8CucthGc
[2026-09-08 01:56:17.844] UI: YouTube video state updated to preloading for video: dSw8CucthGc
[2026-09-08 01:56:17.844] UI: Updating delegate - state: preloading, video_id: dSw8CucthGc
[2026-09-08 01:56:17.844] Delegate: set_video_state called - state: preloading, video_id: dSw8CucthGc
[2026-09-08 01:56:17.844] Delegate: Updated all items to maintain current video border
[2026-09-08 01:56:17.844] UI: Selected thumbnail border color updated for state: preloading, video: dSw8CucthGc
[2026-09-08 01:56:17.891] PlayerHttpServer: ACK 330613a7a326409b8172a7f5e5965e3e status=accepted cmd=PRELOAD
[2026-09-08 01:56:17.892] UI: Player feedback received - state: unstarted, player: B, video: dSw8CucthGc
[2026-09-08 01:56:17.931] YouTubeListModel: Updated thumbnail for video gxTrVx2q8nU at index 8
[2026-09-08 01:56:17.931] UI: Thumbnail loaded for video gxTrVx2q8nU
[2026-09-08 01:56:18.048] UI: Player feedback received - state: ready, player: B, video: dSw8CucthGc
[2026-09-08 01:56:18.048] UI: YouTube video state updated to ready for video: dSw8CucthGc
[2026-09-08 01:56:18.048] UI: Updating delegate - state: ready, video_id: dSw8CucthGc
[2026-09-08 01:56:18.048] Delegate: set_video_state called - state: ready, video_id: dSw8CucthGc
[2026-09-08 01:56:18.048] Delegate: Updated all items to maintain current video border
[2026-09-08 01:56:18.048] UI: Selected thumbnail border color updated for state: ready, video: dSw8CucthGc
[2026-09-08 01:56:18.048] UI: Checking auto-play - pending_play_video_id: None, video_id: dSw8CucthGc
[2026-09-08 01:56:18.282] YouTubeListModel: Updated thumbnail for video HefyPZMx9UU at index 9
[2026-09-08 01:56:18.282] UI: Thumbnail loaded for video HefyPZMx9UU
[2026-09-08 01:56:18.529] ShazamService: Scheduled recognition lane=1 seq=0 stagger=4.0s
[2026-09-08 01:56:18.571] PlayerHttpServer: ACK 8bf556693ad14938a6d30fa52c1a092c status=accepted cmd=PLAY
[2026-09-08 01:56:18.573] UI: Player feedback received - state: playing, player: B, video: dSw8CucthGc
[2026-09-08 01:56:18.573] UI: YouTube video state updated to playing for video: dSw8CucthGc
[2026-09-08 01:56:18.573] UI: Set current_playing_video_id to: dSw8CucthGc
[2026-09-08 01:56:18.573] UI: Updating delegate - state: playing, video_id: dSw8CucthGc
[2026-09-08 01:56:18.573] Delegate: set_video_state called - state: playing, video_id: dSw8CucthGc
[2026-09-08 01:56:18.573] Delegate: Updated all items to maintain current video border
[2026-09-08 01:56:18.573] UI: Selected thumbnail border color updated for state: playing, video: dSw8CucthGc
[2026-09-08 01:56:18.573] UI: Reset last_clicked_video_id after playing: dSw8CucthGc
[2026-09-08 01:56:18.608] UI: Player feedback received - state: unstarted, player: B, video: dSw8CucthGc
[2026-09-08 01:56:18.623] YouTubeListModel: Updated thumbnail for video mLvEiuz3-Sk at index 10
[2026-09-08 01:56:18.623] UI: Thumbnail loaded for video mLvEiuz3-Sk
[2026-09-08 01:56:18.625] UI: Player feedback received - state: buffering, player: B, video: dSw8CucthGc
[2026-09-08 01:56:18.670] ShazamWebView: 2026-09-08T01:56:18.6702651+09:00 App recording decoded by WebView2.
[2026-09-08 01:56:18.678] ShazamWebView: 2026-09-08T01:56:18.6795718+09:00 Recognition start id=8a11d05703594a929eb33b85a31d47cb label=shazamの音楽認識ボタン baselineAppleIds=30
[2026-09-08 01:56:18.751] ShazamWebView: 2026-09-08T01:56:18.7524114+09:00 Official page requested app-supplied audio; stream running.
[2026-09-08 01:56:18.751] ShazamWebView: 2026-09-08T01:56:18.7527157+09:00 Official page requested app-supplied audio; stream running.
[2026-09-08 01:56:19.109] YouTubeListModel: Updated thumbnail for video 7D6oLoJPs8c at index 11
[2026-09-08 01:56:19.109] UI: Thumbnail loaded for video 7D6oLoJPs8c
[2026-09-08 01:56:19.141] UI: Player feedback received - state: buffering, player: A, video: eyUUHfVm8Ik
[2026-09-08 01:56:19.225] UI: Player feedback received - state: playing, player: B, video: dSw8CucthGc
[2026-09-08 01:56:19.225] UI: YouTube video state updated to playing for video: dSw8CucthGc
[2026-09-08 01:56:19.225] UI: Set current_playing_video_id to: dSw8CucthGc
[2026-09-08 01:56:19.225] UI: Updating delegate - state: playing, video_id: dSw8CucthGc
[2026-09-08 01:56:19.225] Delegate: set_video_state called - state: playing, video_id: dSw8CucthGc
[2026-09-08 01:56:19.225] Delegate: Updated all items to maintain current video border
[2026-09-08 01:56:19.225] UI: Selected thumbnail border color updated for state: playing, video: dSw8CucthGc
[2026-09-08 01:56:19.402] UI: Player feedback received - state: playing, player: A, video: eyUUHfVm8Ik
[2026-09-08 01:56:19.421] UI: Player feedback received - state: playing, player: A, video: eyUUHfVm8Ik
[2026-09-08 01:56:19.543] YouTubeListModel: Updated thumbnail for video RcYKOa4vyRI at index 12
[2026-09-08 01:56:19.543] UI: Thumbnail loaded for video RcYKOa4vyRI
[2026-09-08 01:56:19.637] UI: Player feedback received - state: playing, player: B, video: dSw8CucthGc
[2026-09-08 01:56:19.637] UI: YouTube video state updated to playing for video: dSw8CucthGc
[2026-09-08 01:56:19.637] UI: Set current_playing_video_id to: dSw8CucthGc
[2026-09-08 01:56:19.637] UI: Updating delegate - state: playing, video_id: dSw8CucthGc
[2026-09-08 01:56:19.637] Delegate: set_video_state called - state: playing, video_id: dSw8CucthGc
[2026-09-08 01:56:19.637] Delegate: Updated all items to maintain current video border
[2026-09-08 01:56:19.637] UI: Selected thumbnail border color updated for state: playing, video: dSw8CucthGc
[2026-09-08 01:56:19.653] UI: Player feedback received - state: unstarted, player: A, video: eyUUHfVm8Ik
[2026-09-08 01:56:19.654] UI: Player feedback received - state: ready, player: A, video: eyUUHfVm8Ik
[2026-09-08 01:56:19.654] UI: YouTube video state updated to ready for video: eyUUHfVm8Ik
[2026-09-08 01:56:19.654] UI: Updating delegate - state: ready, video_id: eyUUHfVm8Ik
[2026-09-08 01:56:19.654] Delegate: set_video_state called - state: ready, video_id: eyUUHfVm8Ik
[2026-09-08 01:56:19.654] Delegate: Updated all items to maintain current video border
[2026-09-08 01:56:19.654] UI: Selected thumbnail border color updated for state: ready, video: eyUUHfVm8Ik
[2026-09-08 01:56:19.654] UI: Checking auto-play - pending_play_video_id: None, video_id: eyUUHfVm8Ik
[2026-09-08 01:56:19.962] YouTubeListModel: Updated thumbnail for video BlZssH19eWc at index 13
[2026-09-08 01:56:19.962] UI: Thumbnail loaded for video BlZssH19eWc
[2026-09-08 01:56:20.317] YouTubeListModel: Updated thumbnail for video FfZRRGoDVlU at index 14
[2026-09-08 01:56:20.317] UI: Thumbnail loaded for video FfZRRGoDVlU
[2026-09-08 01:56:20.703] YouTubeListModel: Updated thumbnail for video t1WlOs5MgjY at index 15
[2026-09-08 01:56:20.704] UI: Thumbnail loaded for video t1WlOs5MgjY
[2026-09-08 01:56:21.127] YouTubeListModel: Updated thumbnail for video xcuf2S_1yNo at index 16
[2026-09-08 01:56:21.127] UI: Thumbnail loaded for video xcuf2S_1yNo
[2026-09-08 01:56:21.513] YouTubeListModel: Updated thumbnail for video eHMnI-tvutQ at index 17
[2026-09-08 01:56:21.513] UI: Thumbnail loaded for video eHMnI-tvutQ
[2026-09-08 01:56:21.969] YouTubeListModel: Updated thumbnail for video lVuIxtoFzyE at index 18
[2026-09-08 01:56:21.969] UI: Thumbnail loaded for video lVuIxtoFzyE
[2026-09-08 01:56:22.370] YouTubeListModel: Updated thumbnail for video c_Uhuwt1pY0 at index 19
[2026-09-08 01:56:22.370] UI: Thumbnail loaded for video c_Uhuwt1pY0
[2026-09-08 01:56:22.581] ShazamService: Scheduled recognition lane=2 seq=1 stagger=4.0s
[2026-09-08 01:56:22.699] ShazamWebView: 2026-09-08T01:56:22.6999403+09:00 App recording decoded by WebView2.
[2026-09-08 01:56:22.707] ShazamWebView: 2026-09-08T01:56:22.7083219+09:00 Recognition start id=05659192175942fab4da75bf71703729 label=shazamの音楽認識ボタン baselineAppleIds=30
[2026-09-08 01:56:22.787] ShazamWebView: 2026-09-08T01:56:22.7878763+09:00 Official page requested app-supplied audio; stream running.
[2026-09-08 01:56:22.787] ShazamWebView: 2026-09-08T01:56:22.7881709+09:00 Official page requested app-supplied audio; stream running.
[2026-09-08 01:56:26.424] ShazamWebView: 2026-09-08T01:56:26.4253075+09:00 Route evidence title= artist= shazamTrackId=1010642149 appleTrackId= source=route-only
[2026-09-08 01:56:26.424] ShazamWebView: 2026-09-08T01:56:26.4253667+09:00 Recognized route source=shazam-route shazamTrackId=1010642149 appleTrackId= title= artist=
[2026-09-08 01:56:26.428] ShazamService: WebView2 lane=1 seq=0 result source=shazam-route appleTrackId= title='炉心融解(カバー)feat. リツカ' artist='iroha'
[2026-09-08 01:56:26.429] UI: Shazam detected iroha - 炉心融解(カバー)feat. リツカ at 2026-09-08 01:56:26
[2026-09-08 01:56:26.429] UI: Track info saved - title: 炉心融解(カバー)feat. リツカ, artist: iroha, comment: 
[2026-09-08 01:56:26.429] UI: Searching YouTube for: 炉心融解 カバー feat. リツカ iroha
[2026-09-08 01:56:26.429] UI: Search started - search box disabled
[2026-09-08 01:56:26.431] ShazamService: Recognized lane=1 seq=0 iroha - 炉心融解(カバー)feat. リツカ
[2026-09-08 01:56:26.630] ShazamService: Scheduled recognition lane=1 seq=2 stagger=4.0s
[2026-09-08 01:56:27.314] ShazamWebView: 2026-09-08T01:56:27.3147185+09:00 Navigation success=True status=200 uri=https://www.shazam.com/ja-jp
[2026-09-08 01:56:27.369] UI: Found 19 YouTube videos (showing 5 immediately)
[2026-09-08 01:56:27.369] PlayerHttpServer: Queued command PRELOAD id=7206eccc video=dSw8CucthGc
[2026-09-08 01:56:27.369] UI: YouTube video state updated to preloading for video: dSw8CucthGc
[2026-09-08 01:56:27.369] UI: Updating delegate - state: preloading, video_id: dSw8CucthGc
[2026-09-08 01:56:27.369] Delegate: set_video_state called - state: preloading, video_id: dSw8CucthGc
[2026-09-08 01:56:27.369] Delegate: Updated all items to maintain current video border
[2026-09-08 01:56:27.369] UI: Selected thumbnail border color updated for state: preloading, video: dSw8CucthGc
[2026-09-08 01:56:27.369] UI: Auto-play queued top search result: [Official] 炉心融解 feat.鏡音リン  /  Meltdown feat.Kagamine Rin (dSw8CucthGc)
[2026-09-08 01:56:27.371] UI: skipping _schedule_bring_to_back because window is active or recently clicked
[2026-09-08 01:56:27.371] UI: Search completed - search box enabled
[2026-09-08 01:56:27.372] ShazamWebView: 2026-09-08T01:56:27.3724289+09:00 App recording decoded by WebView2.
[2026-09-08 01:56:27.381] ShazamWebView: 2026-09-08T01:56:27.3823457+09:00 Recognition start id=632c4ed721d443d59c4fe232b030326b label=shazamの音楽認識ボタン baselineAppleIds=30
[2026-09-08 01:56:27.457] ShazamWebView: 2026-09-08T01:56:27.4574077+09:00 Official page requested app-supplied audio; stream running.
[2026-09-08 01:56:27.457] ShazamWebView: 2026-09-08T01:56:27.4578930+09:00 Official page requested app-supplied audio; stream running.
[2026-09-08 01:56:27.562] UI: Selected first YouTube video after search
[2026-09-08 01:56:27.661] UI: Player feedback received - state: preloading, player: A, video: dSw8CucthGc
[2026-09-08 01:56:27.661] UI: YouTube video state updated to preloading for video: dSw8CucthGc
[2026-09-08 01:56:27.661] UI: Updating delegate - state: preloading, video_id: dSw8CucthGc
[2026-09-08 01:56:27.661] Delegate: set_video_state called - state: preloading, video_id: dSw8CucthGc
[2026-09-08 01:56:27.661] Delegate: Updated all items to maintain current video border
[2026-09-08 01:56:27.661] UI: Selected thumbnail border color updated for state: preloading, video: dSw8CucthGc
[2026-09-08 01:56:27.713] YouTubeListModel: Updated thumbnail for video dSw8CucthGc at index 0
[2026-09-08 01:56:27.713] UI: Thumbnail loaded for video dSw8CucthGc
[2026-09-08 01:56:27.768] PlayerHttpServer: ACK 7206eccc47f948e4beed19694c1551fd status=accepted cmd=PRELOAD
[2026-09-08 01:56:27.851] UI: Player feedback received - state: unstarted, player: A, video: dSw8CucthGc
[2026-09-08 01:56:27.861] UI: Added 14 remaining videos to list
[2026-09-08 01:56:27.862] UI: Restored selection to video dSw8CucthGc at index 0
[2026-09-08 01:56:27.879] UI: Player feedback received - state: ready, player: A, video: dSw8CucthGc
[2026-09-08 01:56:27.879] UI: YouTube video state updated to ready for video: dSw8CucthGc
[2026-09-08 01:56:27.879] UI: Updating delegate - state: ready, video_id: dSw8CucthGc
[2026-09-08 01:56:27.879] Delegate: set_video_state called - state: ready, video_id: dSw8CucthGc
[2026-09-08 01:56:27.879] Delegate: Updated all items to maintain current video border
[2026-09-08 01:56:27.879] UI: Selected thumbnail border color updated for state: ready, video: dSw8CucthGc
[2026-09-08 01:56:27.879] UI: Checking auto-play - pending_play_video_id: dSw8CucthGc, video_id: dSw8CucthGc
[2026-09-08 01:56:27.879] PlayerHttpServer: Queued command PLAY id=5658f0fd video=dSw8CucthGc
[2026-09-08 01:56:27.879] UI: YouTube video state updated to playing for video: dSw8CucthGc
[2026-09-08 01:56:27.879] UI: Set current_playing_video_id to: dSw8CucthGc
[2026-09-08 01:56:27.879] UI: Updating delegate - state: playing, video_id: dSw8CucthGc
[2026-09-08 01:56:27.879] Delegate: set_video_state called - state: playing, video_id: dSw8CucthGc
[2026-09-08 01:56:27.879] Delegate: Updated all items to maintain current video border
[2026-09-08 01:56:27.879] UI: Selected thumbnail border color updated for state: playing, video: dSw8CucthGc
[2026-09-08 01:56:27.879] UI: Sent PLAY command for auto-play: dSw8CucthGc
[2026-09-08 01:56:28.036] YouTubeListModel: Updated thumbnail for video 5AHeGccSc9U at index 1
[2026-09-08 01:56:28.036] UI: Thumbnail loaded for video 5AHeGccSc9U
[2026-09-08 01:56:28.152] UI: Player feedback received - state: playing, player: A, video: dSw8CucthGc
[2026-09-08 01:56:28.152] UI: YouTube video state updated to playing for video: dSw8CucthGc
[2026-09-08 01:56:28.152] UI: Set current_playing_video_id to: dSw8CucthGc
[2026-09-08 01:56:28.152] UI: Updating delegate - state: playing, video_id: dSw8CucthGc
[2026-09-08 01:56:28.152] Delegate: set_video_state called - state: playing, video_id: dSw8CucthGc
[2026-09-08 01:56:28.152] Delegate: Updated all items to maintain current video border
[2026-09-08 01:56:28.152] UI: Selected thumbnail border color updated for state: playing, video: dSw8CucthGc
[2026-09-08 01:56:28.188] PlayerHttpServer: ACK 5658f0fd3a2f4bfebaaeb003474a479d status=accepted cmd=PLAY
[2026-09-08 01:56:28.189] UI: Player feedback received - state: unstarted, player: A, video: dSw8CucthGc
[2026-09-08 01:56:28.205] UI: Player feedback received - state: buffering, player: A, video: dSw8CucthGc
[2026-09-08 01:56:28.251] UI: Player feedback received - state: playing, player: A, video: dSw8CucthGc
[2026-09-08 01:56:28.251] UI: YouTube video state updated to playing for video: dSw8CucthGc
[2026-09-08 01:56:28.251] UI: Set current_playing_video_id to: dSw8CucthGc
[2026-09-08 01:56:28.251] UI: Updating delegate - state: playing, video_id: dSw8CucthGc
[2026-09-08 01:56:28.251] Delegate: set_video_state called - state: playing, video_id: dSw8CucthGc
[2026-09-08 01:56:28.251] Delegate: Updated all items to maintain current video border
[2026-09-08 01:56:28.251] UI: Selected thumbnail border color updated for state: playing, video: dSw8CucthGc
[2026-09-08 01:56:28.406] YouTubeListModel: Updated thumbnail for video ovJSG_FgyHw at index 2
[2026-09-08 01:56:28.406] UI: Thumbnail loaded for video ovJSG_FgyHw
[2026-09-08 01:56:28.765] YouTubeListModel: Updated thumbnail for video 21DcaNslz3I at index 3
[2026-09-08 01:56:28.766] UI: Thumbnail loaded for video 21DcaNslz3I
[2026-09-08 01:56:28.768] UI: Player feedback received - state: playing, player: B, video: dSw8CucthGc
[2026-09-08 01:56:28.768] UI: Player feedback received - state: playing, player: A, video: dSw8CucthGc
[2026-09-08 01:56:28.768] UI: YouTube video state updated to playing for video: dSw8CucthGc
[2026-09-08 01:56:28.768] UI: Set current_playing_video_id to: dSw8CucthGc
[2026-09-08 01:56:28.768] UI: Updating delegate - state: playing, video_id: dSw8CucthGc
[2026-09-08 01:56:28.768] Delegate: set_video_state called - state: playing, video_id: dSw8CucthGc
[2026-09-08 01:56:28.768] Delegate: Updated all items to maintain current video border
[2026-09-08 01:56:28.768] UI: Selected thumbnail border color updated for state: playing, video: dSw8CucthGc
[2026-09-08 01:56:28.781] UI: Player feedback received - state: unstarted, player: B, video: dSw8CucthGc
[2026-09-08 01:56:28.781] UI: Player feedback received - state: ready, player: B, video: dSw8CucthGc
[2026-09-08 01:56:28.781] UI: YouTube video state updated to ready for video: dSw8CucthGc
[2026-09-08 01:56:28.781] UI: Updating delegate - state: ready, video_id: dSw8CucthGc
[2026-09-08 01:56:28.781] Delegate: set_video_state called - state: ready, video_id: dSw8CucthGc
[2026-09-08 01:56:28.781] Delegate: Updated all items to maintain current video border
[2026-09-08 01:56:28.781] UI: Selected thumbnail border color updated for state: ready, video: dSw8CucthGc
[2026-09-08 01:56:28.781] UI: Checking auto-play - pending_play_video_id: None, video_id: dSw8CucthGc
[2026-09-08 01:56:29.121] YouTubeListModel: Updated thumbnail for video dEeYiUu5Wsw at index 4
[2026-09-08 01:56:29.121] UI: Thumbnail loaded for video dEeYiUu5Wsw
[2026-09-08 01:56:29.480] YouTubeListModel: Updated thumbnail for video mXzYes5gsz4 at index 5
[2026-09-08 01:56:29.480] UI: Thumbnail loaded for video mXzYes5gsz4
[2026-09-08 01:56:29.849] YouTubeListModel: Updated thumbnail for video v5P03RO8H-g at index 6
[2026-09-08 01:56:29.849] UI: Thumbnail loaded for video v5P03RO8H-g
[2026-09-08 01:56:30.188] YouTubeListModel: Updated thumbnail for video ddHv3j9Ejwc at index 7
[2026-09-08 01:56:30.188] UI: Thumbnail loaded for video ddHv3j9Ejwc
[2026-09-08 01:56:30.498] ShazamWebView: 2026-09-08T01:56:30.4991829+09:00 Route evidence title= artist= shazamTrackId=1010642149 appleTrackId= source=route-only
[2026-09-08 01:56:30.498] ShazamWebView: 2026-09-08T01:56:30.4992486+09:00 Recognized route source=shazam-route shazamTrackId=1010642149 appleTrackId= title= artist=
[2026-09-08 01:56:30.503] ShazamService: WebView2 lane=2 seq=1 result source=shazam-route appleTrackId= title='炉心融解(カバー)feat. リツカ' artist='iroha'
[2026-09-08 01:56:30.534] YouTubeListModel: Updated thumbnail for video OaX9o2VEtm8 at index 8
[2026-09-08 01:56:30.534] UI: Thumbnail loaded for video OaX9o2VEtm8
[2026-09-08 01:56:30.674] ShazamService: Scheduled recognition lane=2 seq=3 stagger=4.0s
[2026-09-08 01:56:30.961] YouTubeListModel: Updated thumbnail for video BXxgIgAxrVk at index 9
[2026-09-08 01:56:30.961] UI: Thumbnail loaded for video BXxgIgAxrVk
[2026-09-08 01:56:31.356] YouTubeListModel: Updated thumbnail for video Be2mHbpdO3Q at index 10
[2026-09-08 01:56:31.356] UI: Thumbnail loaded for video Be2mHbpdO3Q
[2026-09-08 01:56:31.388] ShazamWebView: 2026-09-08T01:56:31.3891650+09:00 Navigation success=True status=200 uri=https://www.shazam.com/ja-jp
[2026-09-08 01:56:31.448] ShazamWebView: 2026-09-08T01:56:31.4497548+09:00 App recording decoded by WebView2.
[2026-09-08 01:56:31.458] ShazamWebView: 2026-09-08T01:56:31.4589306+09:00 Recognition start id=d73a5af25dcb444495b08f54321f7ab5 label=shazamの音楽認識ボタン baselineAppleIds=30
[2026-09-08 01:56:31.523] ShazamWebView: 2026-09-08T01:56:31.5236675+09:00 Official page requested app-supplied audio; stream running.
[2026-09-08 01:56:31.524] ShazamWebView: 2026-09-08T01:56:31.5242096+09:00 Official page requested app-supplied audio; stream running.
[2026-09-08 01:56:31.690] YouTubeListModel: Updated thumbnail for video RcYKOa4vyRI at index 11
[2026-09-08 01:56:31.690] UI: Thumbnail loaded for video RcYKOa4vyRI
[2026-09-08 01:56:32.000] YouTubeListModel: Updated thumbnail for video jrldXNpoaac at index 12
[2026-09-08 01:56:32.000] UI: Thumbnail loaded for video jrldXNpoaac
[2026-09-08 01:56:32.365] YouTubeListModel: Updated thumbnail for video yGuksjlr0uY at index 13
[2026-09-08 01:56:32.365] UI: Thumbnail loaded for video yGuksjlr0uY
[2026-09-08 01:56:32.690] YouTubeListModel: Updated thumbnail for video QGQm7pg_yrc at index 14
[2026-09-08 01:56:32.690] UI: Thumbnail loaded for video QGQm7pg_yrc
[2026-09-08 01:56:33.031] YouTubeListModel: Updated thumbnail for video KdXmmchzngE at index 15
[2026-09-08 01:56:33.031] UI: Thumbnail loaded for video KdXmmchzngE
[2026-09-08 01:56:33.401] YouTubeListModel: Updated thumbnail for video -fLMLR2x43s at index 16
[2026-09-08 01:56:33.401] UI: Thumbnail loaded for video -fLMLR2x43s
[2026-09-08 01:56:33.773] YouTubeListModel: Updated thumbnail for video vBa5heh4Sm4 at index 17
[2026-09-08 01:56:33.773] UI: Thumbnail loaded for video vBa5heh4Sm4
[2026-09-08 01:56:34.114] YouTubeListModel: Updated thumbnail for video MbW_k_aoedA at index 18
[2026-09-08 01:56:34.115] UI: Thumbnail loaded for video MbW_k_aoedA
[2026-09-08 01:56:35.161] ShazamWebView: 2026-09-08T01:56:35.1626688+09:00 Route evidence title= artist= shazamTrackId=1010642149 appleTrackId= source=route-only
[2026-09-08 01:56:35.161] ShazamWebView: 2026-09-08T01:56:35.1627227+09:00 Recognized route source=shazam-route shazamTrackId=1010642149 appleTrackId= title= artist=
[2026-09-08 01:56:35.162] ShazamService: WebView2 lane=1 seq=2 result source=shazam-route appleTrackId= title='炉心融解(カバー)feat. リツカ' artist='iroha'
[2026-09-08 01:56:35.163] ShazamService: Scheduled recognition lane=1 seq=4 stagger=4.0s
[2026-09-08 01:56:35.783] ShazamWebView: 2026-09-08T01:56:35.7838040+09:00 Navigation success=True status=200 uri=https://www.shazam.com/ja-jp
[2026-09-08 01:56:35.846] ShazamWebView: 2026-09-08T01:56:35.8466237+09:00 App recording decoded by WebView2.
[2026-09-08 01:56:35.855] ShazamWebView: 2026-09-08T01:56:35.8564479+09:00 Recognition start id=4e1ad5066dd94ce3b90e201b7eeb0726 label=shazamの音楽認識ボタン baselineAppleIds=30
[2026-09-08 01:56:35.926] ShazamWebView: 2026-09-08T01:56:35.9277403+09:00 Official page requested app-supplied audio; stream running.
[2026-09-08 01:56:35.927] ShazamWebView: 2026-09-08T01:56:35.9279191+09:00 Official page requested app-supplied audio; stream running.
[2026-09-08 01:56:42.273] ShazamWebView: 2026-09-08T01:56:42.2739917+09:00 Route evidence title= artist= shazamTrackId=494828939 appleTrackId= source=route-only
[2026-09-08 01:56:42.273] ShazamWebView: 2026-09-08T01:56:42.2740606+09:00 Recognized route source=shazam-route shazamTrackId=494828939 appleTrackId= title= artist=
[2026-09-08 01:56:42.274] ShazamMetadata: route identity shazamTrackId=494828939 slugTitle='Shut Up And Feel My Vibes Loves Hatsune Miku' observedTitle='' trustedTitle='' artist='' appleMusic='' source='shazam-route'
[2026-09-08 01:56:42.574] ShazamMetadata: Apple Japanese metadata accepted by exact Shazam /song ID trackId=494828939 routeTitle='Shut Up And Feel My Vibes Loves Hatsune Miku' appleTitle='脱げばいいってモンじゃない! (loves. 初音ミク)' artist='デッドボールP'
[2026-09-08 01:56:42.574] ShazamService: WebView2 lane=2 seq=3 result source=shazam-route appleTrackId= title='脱げばいいってモンじゃない! (loves. 初音ミク)' artist='デッドボールP'
[2026-09-08 01:56:42.576] UI: Shazam detected デッドボールP - 脱げばいいってモンじゃない! (loves. 初音ミク) at 2026-09-08 01:56:42
[2026-09-08 01:56:42.576] UI: Track info saved - title: 脱げばいいってモンじゃない! (loves. 初音ミク), artist: デッドボールP, comment: 
[2026-09-08 01:56:42.576] UI: Searching YouTube for: 脱げばいいってモンじゃない loves. 初音ミク デッドボールP
[2026-09-08 01:56:42.576] UI: Search started - search box disabled
[2026-09-08 01:56:42.577] ShazamService: Recognized lane=2 seq=3 デッドボールP - 脱げばいいってモンじゃない! (loves. 初音ミク)
[2026-09-08 01:56:42.577] ShazamService: Scheduled recognition lane=2 seq=5 stagger=4.0s
[2026-09-08 01:56:43.084] UI: No YouTube videos found
[2026-09-08 01:56:43.087] UI: Search completed - search box enabled
[2026-09-08 01:56:43.182] ShazamWebView: 2026-09-08T01:56:43.1822281+09:00 Navigation success=True status=200 uri=https://www.shazam.com/ja-jp
[2026-09-08 01:56:43.241] ShazamWebView: 2026-09-08T01:56:43.2410712+09:00 App recording decoded by WebView2.
[2026-09-08 01:56:43.249] ShazamWebView: 2026-09-08T01:56:43.2501373+09:00 Recognition start id=156eb4b98df0457581967b59cce7d43e label=shazamの音楽認識ボタン baselineAppleIds=30
[2026-09-08 01:56:43.319] ShazamWebView: 2026-09-08T01:56:43.3204087+09:00 Official page requested app-supplied audio; stream running.
[2026-09-08 01:56:43.319] ShazamWebView: 2026-09-08T01:56:43.3206510+09:00 Official page requested app-supplied audio; stream running.
[2026-09-08 01:56:43.614] ShazamWebView: 2026-09-08T01:56:43.6149742+09:00 Route evidence title= artist= shazamTrackId=494828939 appleTrackId= source=route-only
[2026-09-08 01:56:43.614] ShazamWebView: 2026-09-08T01:56:43.6150331+09:00 Recognized route source=shazam-route shazamTrackId=494828939 appleTrackId= title= artist=
[2026-09-08 01:56:43.615] ShazamService: WebView2 lane=1 seq=4 result source=shazam-route appleTrackId= title='脱げばいいってモンじゃない! (loves. 初音ミク)' artist='デッドボールP'
[2026-09-08 01:56:46.647] ShazamService: Scheduled recognition lane=1 seq=6 stagger=4.0s
[2026-09-08 01:56:47.237] ShazamWebView: 2026-09-08T01:56:47.2378697+09:00 Navigation success=True status=200 uri=https://www.shazam.com/ja-jp
[2026-09-08 01:56:47.304] ShazamWebView: 2026-09-08T01:56:47.3054414+09:00 App recording decoded by WebView2.
[2026-09-08 01:56:47.314] ShazamWebView: 2026-09-08T01:56:47.3152750+09:00 Recognition start id=1dabf717828843d7a8efeb42a8f9dd41 label=shazamの音楽認識ボタン baselineAppleIds=30
[2026-09-08 01:56:47.376] ShazamWebView: 2026-09-08T01:56:47.3770782+09:00 Official page requested app-supplied audio; stream running.
[2026-09-08 01:56:47.377] ShazamWebView: 2026-09-08T01:56:47.3775119+09:00 Official page requested app-supplied audio; stream running.
[2026-09-08 01:56:52.269] UI: Double clicked on track: 脱げばいいってモンじゃない! (loves. 初音ミク) by デッドボールP
[2026-09-08 01:56:52.269] UI: Track info saved - title: 脱げばいいってモンじゃない! (loves. 初音ミク), artist: デッドボールP, comment: 
[2026-09-08 01:56:52.269] UI: Searching YouTube for: 脱げばいいってモンじゃない loves. 初音ミク デッドボールP
[2026-09-08 01:56:52.271] UI: Search started - search box disabled
[2026-09-08 01:56:52.744] UI: No YouTube videos found
[2026-09-08 01:56:52.744] UI: Search completed - search box enabled
[2026-09-08 01:56:54.031] ShazamWebView: 2026-09-08T01:56:54.0320932+09:00 Route evidence title= artist= shazamTrackId=494828939 appleTrackId= source=route-only
[2026-09-08 01:56:54.031] ShazamWebView: 2026-09-08T01:56:54.0322414+09:00 Recognized route source=shazam-route shazamTrackId=494828939 appleTrackId= title= artist=
[2026-09-08 01:56:54.033] ShazamService: WebView2 lane=2 seq=5 result source=shazam-route appleTrackId= title='脱げばいいってモンじゃない! (loves. 初音ミク)' artist='デッドボールP'
[2026-09-08 01:56:54.034] ShazamService: Scheduled recognition lane=2 seq=7 stagger=4.0s
[2026-09-08 01:56:54.653] ShazamWebView: 2026-09-08T01:56:54.6545611+09:00 Navigation success=True status=200 uri=https://www.shazam.com/ja-jp
[2026-09-08 01:56:54.709] ShazamWebView: 2026-09-08T01:56:54.7096669+09:00 App recording decoded by WebView2.
[2026-09-08 01:56:54.718] ShazamWebView: 2026-09-08T01:56:54.7183646+09:00 Recognition start id=399acf7bc01145d7b3ba4acc336c6593 label=shazamの音楽認識ボタン baselineAppleIds=30
[2026-09-08 01:56:54.792] ShazamWebView: 2026-09-08T01:56:54.7926120+09:00 Official page requested app-supplied audio; stream running.
[2026-09-08 01:56:54.792] ShazamWebView: 2026-09-08T01:56:54.7928517+09:00 Official page requested app-supplied audio; stream running.
[2026-09-08 01:56:55.056] UI: Player feedback received - state: paused, player: A, video: dSw8CucthGc
[2026-09-08 01:56:55.133] ShazamWebView: 2026-09-08T01:56:55.1337795+09:00 Route evidence title= artist= shazamTrackId=494828939 appleTrackId= source=route-only
[2026-09-08 01:56:55.133] ShazamWebView: 2026-09-08T01:56:55.1338624+09:00 Recognized route source=shazam-route shazamTrackId=494828939 appleTrackId= title= artist=
[2026-09-08 01:56:55.135] ShazamService: WebView2 lane=1 seq=6 result source=shazam-route appleTrackId= title='脱げばいいってモンじゃない! (loves. 初音ミク)' artist='デッドボールP'
[2026-09-08 01:56:58.127] ShazamService: Scheduled recognition lane=1 seq=8 stagger=4.0s
[2026-09-08 01:56:58.853] ShazamWebView: 2026-09-08T01:56:58.8539953+09:00 Navigation success=True status=200 uri=https://www.shazam.com/ja-jp
[2026-09-08 01:56:58.922] ShazamWebView: 2026-09-08T01:56:58.9226191+09:00 App recording decoded by WebView2.
[2026-09-08 01:56:58.935] ShazamWebView: 2026-09-08T01:56:58.9361208+09:00 Recognition start id=fcf787978f35471db6e01be3af98ee4e label=shazamの音楽認識ボタン baselineAppleIds=30
[2026-09-08 01:56:59.010] ShazamWebView: 2026-09-08T01:56:59.0111757+09:00 Official page requested app-supplied audio; stream running.
[2026-09-08 01:56:59.011] ShazamWebView: 2026-09-08T01:56:59.0115040+09:00 Official page requested app-supplied audio; stream running.
[2026-09-08 01:57:05.452] ShazamWebView: 2026-09-08T01:57:05.4532096+09:00 Route evidence title= artist= shazamTrackId=494828939 appleTrackId= source=route-only
[2026-09-08 01:57:05.452] ShazamWebView: 2026-09-08T01:57:05.4533550+09:00 Recognized route source=shazam-route shazamTrackId=494828939 appleTrackId= title= artist=
[2026-09-08 01:57:05.453] ShazamService: WebView2 lane=2 seq=7 result source=shazam-route appleTrackId= title='脱げばいいってモンじゃない! (loves. 初音ミク)' artist='デッドボールP'
[2026-09-08 01:57:05.454] ShazamService: Scheduled recognition lane=2 seq=9 stagger=4.0s
[2026-09-08 01:57:06.022] ShazamWebView: 2026-09-08T01:57:06.0231997+09:00 Navigation success=True status=200 uri=https://www.shazam.com/ja-jp
[2026-09-08 01:57:06.070] ShazamWebView: 2026-09-08T01:57:06.0711043+09:00 App recording decoded by WebView2.
[2026-09-08 01:57:06.078] ShazamWebView: 2026-09-08T01:57:06.0796609+09:00 Recognition start id=699fc5ec7407431eb9578c12b942f12a label=shazamの音楽認識ボタン baselineAppleIds=30
[2026-09-08 01:57:06.154] ShazamWebView: 2026-09-08T01:57:06.1548251+09:00 Official page requested app-supplied audio; stream running.
[2026-09-08 01:57:06.154] ShazamWebView: 2026-09-08T01:57:06.1551663+09:00 Official page requested app-supplied audio; stream running.
[2026-09-08 01:57:09.652] ShazamWebView: 2026-09-08T01:57:09.6529113+09:00 Route evidence title= artist= shazamTrackId=494828939 appleTrackId= source=route-only
[2026-09-08 01:57:09.652] ShazamWebView: 2026-09-08T01:57:09.6529618+09:00 Recognized route source=shazam-route shazamTrackId=494828939 appleTrackId= title= artist=
[2026-09-08 01:57:09.653] ShazamService: WebView2 lane=1 seq=8 result source=shazam-route appleTrackId= title='脱げばいいってモンじゃない! (loves. 初音ミク)' artist='デッドボールP'
[2026-09-08 01:57:09.654] ShazamService: Scheduled recognition lane=1 seq=10 stagger=4.0s
[2026-09-08 01:57:10.185] ShazamWebView: 2026-09-08T01:57:10.1860406+09:00 Navigation success=True status=200 uri=https://www.shazam.com/ja-jp
[2026-09-08 01:57:10.234] ShazamWebView: 2026-09-08T01:57:10.2353027+09:00 App recording decoded by WebView2.
[2026-09-08 01:57:10.244] ShazamWebView: 2026-09-08T01:57:10.2449064+09:00 Recognition start id=7dcbc02d1b3744a5b7b9fc03f1cd8082 label=shazamの音楽認識ボタン baselineAppleIds=30
[2026-09-08 01:57:10.318] ShazamWebView: 2026-09-08T01:57:10.3188333+09:00 Official page requested app-supplied audio; stream running.
[2026-09-08 01:57:10.318] ShazamWebView: 2026-09-08T01:57:10.3191716+09:00 Official page requested app-supplied audio; stream running.
[2026-09-08 01:57:13.793] ShazamWebView: 2026-09-08T01:57:13.7939925+09:00 Route evidence title= artist= shazamTrackId=494828939 appleTrackId= source=route-only
[2026-09-08 01:57:13.793] ShazamWebView: 2026-09-08T01:57:13.7940435+09:00 Recognized route source=shazam-route shazamTrackId=494828939 appleTrackId= title= artist=
[2026-09-08 01:57:13.794] ShazamService: WebView2 lane=2 seq=9 result source=shazam-route appleTrackId= title='脱げばいいってモンじゃない! (loves. 初音ミク)' artist='デッドボールP'
[2026-09-08 01:57:13.795] ShazamService: Scheduled recognition lane=2 seq=11 stagger=4.0s
[2026-09-08 01:57:14.354] ShazamWebView: 2026-09-08T01:57:14.3553755+09:00 Navigation success=True status=200 uri=https://www.shazam.com/ja-jp
[2026-09-08 01:57:14.404] ShazamWebView: 2026-09-08T01:57:14.4042160+09:00 App recording decoded by WebView2.
[2026-09-08 01:57:14.411] ShazamWebView: 2026-09-08T01:57:14.4117556+09:00 Recognition start id=da835d852a864aa5951038c92fa51545 label=shazamの音楽認識ボタン baselineAppleIds=30
[2026-09-08 01:57:14.476] ShazamWebView: 2026-09-08T01:57:14.4772688+09:00 Official page requested app-supplied audio; stream running.
[2026-09-08 01:57:14.476] ShazamWebView: 2026-09-08T01:57:14.4775101+09:00 Official page requested app-supplied audio; stream running.
[2026-09-08 01:57:18.021] ShazamWebView: 2026-09-08T01:57:18.0219178+09:00 Route evidence title= artist= shazamTrackId=494828939 appleTrackId= source=route-only
[2026-09-08 01:57:18.021] ShazamWebView: 2026-09-08T01:57:18.0219538+09:00 Recognized route source=shazam-route shazamTrackId=494828939 appleTrackId= title= artist=
[2026-09-08 01:57:18.022] ShazamService: WebView2 lane=1 seq=10 result source=shazam-route appleTrackId= title='脱げばいいってモンじゃない! (loves. 初音ミク)' artist='デッドボールP'
[2026-09-08 01:57:18.023] ShazamService: Scheduled recognition lane=1 seq=12 stagger=4.0s
[2026-09-08 01:57:18.590] ShazamWebView: 2026-09-08T01:57:18.5918261+09:00 Navigation success=True status=200 uri=https://www.shazam.com/ja-jp
[2026-09-08 01:57:18.645] ShazamWebView: 2026-09-08T01:57:18.6463842+09:00 App recording decoded by WebView2.
[2026-09-08 01:57:18.654] ShazamWebView: 2026-09-08T01:57:18.6550185+09:00 Recognition start id=8dc78b7c90a349048074f56ed12b9e36 label=shazamの音楽認識ボタン baselineAppleIds=30
[2026-09-08 01:57:18.723] ShazamWebView: 2026-09-08T01:57:18.7236325+09:00 Official page requested app-supplied audio; stream running.
[2026-09-08 01:57:18.723] ShazamWebView: 2026-09-08T01:57:18.7239122+09:00 Official page requested app-supplied audio; stream running.
[2026-09-08 01:57:25.051] ShazamWebView: 2026-09-08T01:57:25.0517021+09:00 Route evidence title= artist= shazamTrackId=494828939 appleTrackId= source=route-only
[2026-09-08 01:57:25.051] ShazamWebView: 2026-09-08T01:57:25.0517464+09:00 Recognized route source=shazam-route shazamTrackId=494828939 appleTrackId= title= artist=
[2026-09-08 01:57:25.052] ShazamService: WebView2 lane=2 seq=11 result source=shazam-route appleTrackId= title='脱げばいいってモンじゃない! (loves. 初音ミク)' artist='デッドボールP'
[2026-09-08 01:57:25.052] ShazamService: Scheduled recognition lane=2 seq=13 stagger=4.0s
[2026-09-08 01:57:25.411] UI: Search box focused - temporarily unregistering hotkeys
[2026-09-08 01:57:25.411] HotkeyService: Unregistered all Win32 hotkeys
[2026-09-08 01:57:25.608] ShazamWebView: 2026-09-08T01:57:25.6089185+09:00 Navigation success=True status=200 uri=https://www.shazam.com/ja-jp
[2026-09-08 01:57:25.660] ShazamWebView: 2026-09-08T01:57:25.6603809+09:00 App recording decoded by WebView2.
[2026-09-08 01:57:25.667] ShazamWebView: 2026-09-08T01:57:25.6678236+09:00 Recognition start id=432ece913fbe4276b184304785d2f304 label=shazamの音楽認識ボタン baselineAppleIds=30
[2026-09-08 01:57:25.732] ShazamWebView: 2026-09-08T01:57:25.7330472+09:00 Official page requested app-supplied audio; stream running.
[2026-09-08 01:57:25.732] ShazamWebView: 2026-09-08T01:57:25.7333501+09:00 Official page requested app-supplied audio; stream running.
[2026-09-08 01:57:26.406] ShazamWebView: 2026-09-08T01:57:26.4064719+09:00 Route evidence title= artist= shazamTrackId=494828939 appleTrackId= source=route-only
[2026-09-08 01:57:26.406] ShazamWebView: 2026-09-08T01:57:26.4065007+09:00 Recognized route source=shazam-route shazamTrackId=494828939 appleTrackId= title= artist=
[2026-09-08 01:57:26.407] ShazamService: WebView2 lane=1 seq=12 result source=shazam-route appleTrackId= title='脱げばいいってモンじゃない! (loves. 初音ミク)' artist='デッドボールP'
[2026-09-08 01:57:29.113] ShazamService: Scheduled recognition lane=1 seq=14 stagger=4.0s
[2026-09-08 01:57:29.665] ShazamWebView: 2026-09-08T01:57:29.6657858+09:00 Navigation success=True status=200 uri=https://www.shazam.com/ja-jp
[2026-09-08 01:57:29.714] ShazamWebView: 2026-09-08T01:57:29.7149779+09:00 App recording decoded by WebView2.
[2026-09-08 01:57:29.721] ShazamWebView: 2026-09-08T01:57:29.7225289+09:00 Recognition start id=b466fd31b882427b94bee94d9092306f label=shazamの音楽認識ボタン baselineAppleIds=30
[2026-09-08 01:57:29.786] ShazamWebView: 2026-09-08T01:57:29.7870527+09:00 Official page requested app-supplied audio; stream running.
[2026-09-08 01:57:29.787] ShazamWebView: 2026-09-08T01:57:29.7874451+09:00 Official page requested app-supplied audio; stream running.
[2026-09-08 01:57:31.793] UI: Search box focus lost - re-registering hotkeys
[2026-09-08 01:57:31.910] HotkeyService: Re-registering Win32 hotkeys...
[2026-09-08 01:57:31.910] HotkeyService: Unregistered all Win32 hotkeys
[2026-09-08 01:57:31.910] HotkeyService: Unregistered all Win32 hotkeys
[2026-09-08 01:57:32.011] HotkeyService: Registered Win32 hotkey 'ctrl+shift+up' (ID:56, VK:0x26, Mod:0x6)
[2026-09-08 01:57:32.011] HotkeyService: Registered Win32 hotkey 'ctrl+shift+down' (ID:57, VK:0x28, Mod:0x6)
[2026-09-08 01:57:32.011] HotkeyService: Registered Win32 hotkey 'ctrl+shift+left' (ID:58, VK:0x25, Mod:0x6)
[2026-09-08 01:57:32.011] HotkeyService: Registered Win32 hotkey 'ctrl+shift+right' (ID:59, VK:0x27, Mod:0x6)
[2026-09-08 01:57:32.011] HotkeyService: Registered Win32 hotkey 'ctrl+enter' (ID:60, VK:0xd, Mod:0x2)
[2026-09-08 01:57:32.011] HotkeyService: Registered Win32 hotkey 'shift+enter' (ID:61, VK:0xd, Mod:0x4)
[2026-09-08 01:57:32.011] HotkeyService: Registered Win32 hotkey 'ctrl+shift+enter' (ID:62, VK:0xd, Mod:0x6)
[2026-09-08 01:57:32.011] HotkeyService: Registered Win32 hotkey 'ctrl+;' (ID:63, VK:0xbb, Mod:0x2)
[2026-09-08 01:57:32.011] HotkeyService: Registered Win32 hotkey 'ctrl+;' (ID:64, VK:0x6b, Mod:0x2)
[2026-09-08 01:57:32.011] HotkeyService: Registered Win32 hotkey 'ctrl+:' (ID:65, VK:0xba, Mod:0x2)
[2026-09-08 01:57:32.011] HotkeyService: Registered Win32 hotkey 'ctrl+:' (ID:66, VK:0x6a, Mod:0x2)
[2026-09-08 01:57:32.012] UI: Double clicked on track: 炉心融解(カバー)feat. リツカ by iroha
[2026-09-08 01:57:32.012] UI: Track info saved - title: 炉心融解(カバー)feat. リツカ, artist: iroha, comment: 
[2026-09-08 01:57:32.012] UI: Searching YouTube for: 炉心融解 カバー feat. リツカ iroha
[2026-09-08 01:57:32.012] UI: Search started - search box disabled
[2026-09-08 01:57:32.292] UI: Double clicked on track: 炉心融解(カバー)feat. リツカ by iroha
[2026-09-08 01:57:32.292] UI: Track info saved - title: 炉心融解(カバー)feat. リツカ, artist: iroha, comment: 
[2026-09-08 01:57:32.292] UI: Search queued (previous search running): 炉心融解(カバー)feat. リツカ
[2026-09-08 01:57:32.853] UI: Found 19 YouTube videos (showing 5 immediately)
[2026-09-08 01:57:32.853] UI: Auto-play skipped - manual YouTube search
[2026-09-08 01:57:32.853] UI: skipping _schedule_bring_to_back because window is active or recently clicked
[2026-09-08 01:57:32.854] UI: Search completed - search box enabled
[2026-09-08 01:57:32.854] UI: Search finished. Pending search found - will execute in 1 second.
[2026-09-08 01:57:33.051] UI: Selected first YouTube video after search
[2026-09-08 01:57:33.123] YouTubeListModel: Updated thumbnail for video dSw8CucthGc at index 0
[2026-09-08 01:57:33.123] UI: Thumbnail loaded for video dSw8CucthGc
[2026-09-08 01:57:33.350] UI: Added 14 remaining videos to list
[2026-09-08 01:57:33.351] UI: Restored selection to video dSw8CucthGc at index 0
[2026-09-08 01:57:33.390] YouTubeListModel: Updated thumbnail for video 5AHeGccSc9U at index 1
[2026-09-08 01:57:33.390] UI: Thumbnail loaded for video 5AHeGccSc9U
[2026-09-08 01:57:33.429] ShazamWebView: 2026-09-08T01:57:33.4294806+09:00 Route evidence title= artist= shazamTrackId=494828939 appleTrackId= source=route-only
[2026-09-08 01:57:33.429] ShazamWebView: 2026-09-08T01:57:33.4295201+09:00 Recognized route source=shazam-route shazamTrackId=494828939 appleTrackId= title= artist=
[2026-09-08 01:57:33.429] ShazamService: WebView2 lane=2 seq=13 result source=shazam-route appleTrackId= title='脱げばいいってモンじゃない! (loves. 初音ミク)' artist='デッドボールP'
[2026-09-08 01:57:33.430] ShazamService: Scheduled recognition lane=2 seq=15 stagger=4.0s
[2026-09-08 01:57:33.724] YouTubeListModel: Updated thumbnail for video ovJSG_FgyHw at index 2
[2026-09-08 01:57:33.724] UI: Thumbnail loaded for video ovJSG_FgyHw
[2026-09-08 01:57:33.846] UI: Executing pending search: 炉心融解(カバー)feat. リツカ
[2026-09-08 01:57:33.846] UI: Track info saved - title: 炉心融解(カバー)feat. リツカ, artist: iroha, comment: 
[2026-09-08 01:57:33.846] UI: Searching YouTube for: 炉心融解 カバー feat. リツカ iroha
[2026-09-08 01:57:33.847] UI: Search started - search box disabled
[2026-09-08 01:57:34.013] YouTubeListModel: Updated thumbnail for video 21DcaNslz3I at index 3
[2026-09-08 01:57:34.013] UI: Thumbnail loaded for video 21DcaNslz3I
[2026-09-08 01:57:34.041] ShazamWebView: 2026-09-08T01:57:34.0415497+09:00 Navigation success=True status=200 uri=https://www.shazam.com/ja-jp
[2026-09-08 01:57:34.100] ShazamWebView: 2026-09-08T01:57:34.1000885+09:00 App recording decoded by WebView2.
[2026-09-08 01:57:34.108] ShazamWebView: 2026-09-08T01:57:34.1084144+09:00 Recognition start id=fb8fdf2fe96443ee9dec822e205f347c label=shazamの音楽認識ボタン baselineAppleIds=30
[2026-09-08 01:57:34.175] ShazamWebView: 2026-09-08T01:57:34.1760574+09:00 Official page requested app-supplied audio; stream running.
[2026-09-08 01:57:34.175] ShazamWebView: 2026-09-08T01:57:34.1762838+09:00 Official page requested app-supplied audio; stream running.
[2026-09-08 01:57:34.318] YouTubeListModel: Updated thumbnail for video dEeYiUu5Wsw at index 4
[2026-09-08 01:57:34.318] UI: Thumbnail loaded for video dEeYiUu5Wsw
[2026-09-08 01:57:34.633] YouTubeListModel: Updated thumbnail for video mXzYes5gsz4 at index 5
[2026-09-08 01:57:34.633] UI: Thumbnail loaded for video mXzYes5gsz4
[2026-09-08 01:57:34.706] UI: Found 19 YouTube videos (showing 5 immediately)
[2026-09-08 01:57:34.707] UI: Auto-play skipped - manual YouTube search
[2026-09-08 01:57:34.707] UI: skipping _schedule_bring_to_back because window is active or recently clicked
[2026-09-08 01:57:34.708] UI: Search completed - search box enabled
[2026-09-08 01:57:34.903] UI: Selected first YouTube video after search
[2026-09-08 01:57:35.176] YouTubeListModel: Updated thumbnail for video dSw8CucthGc at index 0
[2026-09-08 01:57:35.177] UI: Thumbnail loaded for video dSw8CucthGc
[2026-09-08 01:57:35.206] UI: Added 14 remaining videos to list
[2026-09-08 01:57:35.207] UI: Restored selection to video dSw8CucthGc at index 0
[2026-09-08 01:57:35.467] YouTubeListModel: Updated thumbnail for video 5AHeGccSc9U at index 1
[2026-09-08 01:57:35.467] UI: Thumbnail loaded for video 5AHeGccSc9U
[2026-09-08 01:57:35.743] YouTubeListModel: Updated thumbnail for video ovJSG_FgyHw at index 2
[2026-09-08 01:57:35.743] UI: Thumbnail loaded for video ovJSG_FgyHw
[2026-09-08 01:57:36.005] YouTubeListModel: Updated thumbnail for video 21DcaNslz3I at index 3
[2026-09-08 01:57:36.005] UI: Thumbnail loaded for video 21DcaNslz3I
[2026-09-08 01:57:36.284] YouTubeListModel: Updated thumbnail for video dEeYiUu5Wsw at index 4
[2026-09-08 01:57:36.284] UI: Thumbnail loaded for video dEeYiUu5Wsw
[2026-09-08 01:57:36.549] YouTubeListModel: Updated thumbnail for video OaX9o2VEtm8 at index 5
[2026-09-08 01:57:36.549] UI: Thumbnail loaded for video OaX9o2VEtm8
[2026-09-08 01:57:36.815] YouTubeListModel: Updated thumbnail for video v5P03RO8H-g at index 6
[2026-09-08 01:57:36.815] UI: Thumbnail loaded for video v5P03RO8H-g
[2026-09-08 01:57:37.095] YouTubeListModel: Updated thumbnail for video mXzYes5gsz4 at index 7
[2026-09-08 01:57:37.095] UI: Thumbnail loaded for video mXzYes5gsz4
[2026-09-08 01:57:37.404] YouTubeListModel: Updated thumbnail for video Be2mHbpdO3Q at index 8
[2026-09-08 01:57:37.404] UI: Thumbnail loaded for video Be2mHbpdO3Q
[2026-09-08 01:57:37.495] ShazamWebView: 2026-09-08T01:57:37.4957399+09:00 Route evidence title= artist= shazamTrackId=494828939 appleTrackId= source=route-only
[2026-09-08 01:57:37.495] ShazamWebView: 2026-09-08T01:57:37.4958592+09:00 Recognized route source=shazam-route shazamTrackId=494828939 appleTrackId= title= artist=
[2026-09-08 01:57:37.496] ShazamService: WebView2 lane=1 seq=14 result source=shazam-route appleTrackId= title='脱げばいいってモンじゃない! (loves. 初音ミク)' artist='デッドボールP'
[2026-09-08 01:57:37.497] ShazamService: Scheduled recognition lane=1 seq=16 stagger=4.0s
[2026-09-08 01:57:37.692] YouTubeListModel: Updated thumbnail for video ddHv3j9Ejwc at index 9
[2026-09-08 01:57:37.692] UI: Thumbnail loaded for video ddHv3j9Ejwc
[2026-09-08 01:57:37.999] YouTubeListModel: Updated thumbnail for video jrldXNpoaac at index 10
[2026-09-08 01:57:37.999] UI: Thumbnail loaded for video jrldXNpoaac
[2026-09-08 01:57:38.056] ShazamWebView: 2026-09-08T01:57:38.0562941+09:00 Navigation success=True status=200 uri=https://www.shazam.com/ja-jp
[2026-09-08 01:57:38.113] ShazamWebView: 2026-09-08T01:57:38.1138166+09:00 App recording decoded by WebView2.
[2026-09-08 01:57:38.122] ShazamWebView: 2026-09-08T01:57:38.1226016+09:00 Recognition start id=4a31210ca9534c279cb65924ca5c1881 label=shazamの音楽認識ボタン baselineAppleIds=30
[2026-09-08 01:57:38.182] ShazamWebView: 2026-09-08T01:57:38.1831798+09:00 Official page requested app-supplied audio; stream running.
[2026-09-08 01:57:38.182] ShazamWebView: 2026-09-08T01:57:38.1834913+09:00 Official page requested app-supplied audio; stream running.
[2026-09-08 01:57:38.292] YouTubeListModel: Updated thumbnail for video RcYKOa4vyRI at index 11
[2026-09-08 01:57:38.292] UI: Thumbnail loaded for video RcYKOa4vyRI
[2026-09-08 01:57:38.584] YouTubeListModel: Updated thumbnail for video BXxgIgAxrVk at index 12
[2026-09-08 01:57:38.584] UI: Thumbnail loaded for video BXxgIgAxrVk
[2026-09-08 01:57:38.844] YouTubeListModel: Updated thumbnail for video QGQm7pg_yrc at index 13
[2026-09-08 01:57:38.844] UI: Thumbnail loaded for video QGQm7pg_yrc
[2026-09-08 01:57:39.116] YouTubeListModel: Updated thumbnail for video KdXmmchzngE at index 14
[2026-09-08 01:57:39.116] UI: Thumbnail loaded for video KdXmmchzngE
[2026-09-08 01:57:39.419] YouTubeListModel: Updated thumbnail for video 8S5XAAnI5a0 at index 15
[2026-09-08 01:57:39.420] UI: Thumbnail loaded for video 8S5XAAnI5a0
[2026-09-08 01:57:39.682] YouTubeListModel: Updated thumbnail for video -fLMLR2x43s at index 16
[2026-09-08 01:57:39.682] UI: Thumbnail loaded for video -fLMLR2x43s
[2026-09-08 01:57:39.944] YouTubeListModel: Updated thumbnail for video vBa5heh4Sm4 at index 17
[2026-09-08 01:57:39.944] UI: Thumbnail loaded for video vBa5heh4Sm4
[2026-09-08 01:57:40.206] YouTubeListModel: Updated thumbnail for video MbW_k_aoedA at index 18
[2026-09-08 01:57:40.206] UI: Thumbnail loaded for video MbW_k_aoedA
[2026-09-08 01:57:41.857] ShazamWebView: 2026-09-08T01:57:41.8579732+09:00 Route evidence title= artist= shazamTrackId=494828939 appleTrackId= source=route-only
[2026-09-08 01:57:41.857] ShazamWebView: 2026-09-08T01:57:41.8580962+09:00 Recognized route source=shazam-route shazamTrackId=494828939 appleTrackId= title= artist=
[2026-09-08 01:57:41.859] ShazamService: WebView2 lane=2 seq=15 result source=shazam-route appleTrackId= title='脱げばいいってモンじゃない! (loves. 初音ミク)' artist='デッドボールP'
[2026-09-08 01:57:41.859] ShazamService: Scheduled recognition lane=2 seq=17 stagger=4.0s
[2026-09-08 01:57:42.404] ShazamWebView: 2026-09-08T01:57:42.4045898+09:00 Navigation success=True status=200 uri=https://www.shazam.com/ja-jp
[2026-09-08 01:57:42.456] ShazamWebView: 2026-09-08T01:57:42.4574069+09:00 App recording decoded by WebView2.
[2026-09-08 01:57:42.465] ShazamWebView: 2026-09-08T01:57:42.4660662+09:00 Recognition start id=8cce791451f241128404fd8f0871f30b label=shazamの音楽認識ボタン baselineAppleIds=30
[2026-09-08 01:57:42.530] ShazamWebView: 2026-09-08T01:57:42.5307058+09:00 Official page requested app-supplied audio; stream running.
[2026-09-08 01:57:42.530] ShazamWebView: 2026-09-08T01:57:42.5310187+09:00 Official page requested app-supplied audio; stream running.
[2026-09-08 01:57:45.771] ShazamWebView: 2026-09-08T01:57:45.7716666+09:00 Route evidence title= artist= shazamTrackId=494828939 appleTrackId= source=route-only
[2026-09-08 01:57:45.771] ShazamWebView: 2026-09-08T01:57:45.7717101+09:00 Recognized route source=shazam-route shazamTrackId=494828939 appleTrackId= title= artist=
[2026-09-08 01:57:45.772] ShazamService: WebView2 lane=1 seq=16 result source=shazam-route appleTrackId= title='脱げばいいってモンじゃない! (loves. 初音ミク)' artist='デッドボールP'
[2026-09-08 01:57:45.857] ShazamService: Scheduled recognition lane=1 seq=18 stagger=4.0s
[2026-09-08 01:57:46.406] ShazamWebView: 2026-09-08T01:57:46.4073190+09:00 Navigation success=True status=200 uri=https://www.shazam.com/ja-jp
[2026-09-08 01:57:46.456] ShazamWebView: 2026-09-08T01:57:46.4578382+09:00 App recording decoded by WebView2.
[2026-09-08 01:57:46.466] ShazamWebView: 2026-09-08T01:57:46.4664960+09:00 Recognition start id=fb51439003724b49b2801ac79045ec0f label=shazamの音楽認識ボタン baselineAppleIds=30
[2026-09-08 01:57:46.535] ShazamWebView: 2026-09-08T01:57:46.5368255+09:00 Official page requested app-supplied audio; stream running.
[2026-09-08 01:57:46.536] ShazamWebView: 2026-09-08T01:57:46.5370095+09:00 Official page requested app-supplied audio; stream running.
[2026-09-08 01:57:50.217] ShazamWebView: 2026-09-08T01:57:50.2177750+09:00 Route evidence title= artist= shazamTrackId=494828939 appleTrackId= source=route-only
[2026-09-08 01:57:50.217] ShazamWebView: 2026-09-08T01:57:50.2178920+09:00 Recognized route source=shazam-route shazamTrackId=494828939 appleTrackId= title= artist=
[2026-09-08 01:57:50.218] ShazamService: WebView2 lane=2 seq=17 result source=shazam-route appleTrackId= title='脱げばいいってモンじゃない! (loves. 初音ミク)' artist='デッドボールP'
[2026-09-08 01:57:50.219] ShazamService: Scheduled recognition lane=2 seq=19 stagger=4.0s
[2026-09-08 01:57:50.782] ShazamWebView: 2026-09-08T01:57:50.7835166+09:00 Navigation success=True status=200 uri=https://www.shazam.com/ja-jp
[2026-09-08 01:57:50.827] ShazamWebView: 2026-09-08T01:57:50.8286416+09:00 App recording decoded by WebView2.
[2026-09-08 01:57:50.835] ShazamWebView: 2026-09-08T01:57:50.8361339+09:00 Recognition start id=4ff0ec2baef741dc82ccc2913353c9e2 label=shazamの音楽認識ボタン baselineAppleIds=30
[2026-09-08 01:57:50.900] ShazamWebView: 2026-09-08T01:57:50.9012591+09:00 Official page requested app-supplied audio; stream running.
[2026-09-08 01:57:50.900] ShazamWebView: 2026-09-08T01:57:50.9016371+09:00 Official page requested app-supplied audio; stream running.
[2026-09-08 01:57:54.240] ShazamWebView: 2026-09-08T01:57:54.2409859+09:00 Route evidence title= artist= shazamTrackId=494828939 appleTrackId= source=route-only
[2026-09-08 01:57:54.240] ShazamWebView: 2026-09-08T01:57:54.2410148+09:00 Recognized route source=shazam-route shazamTrackId=494828939 appleTrackId= title= artist=
[2026-09-08 01:57:54.241] ShazamService: WebView2 lane=1 seq=18 result source=shazam-route appleTrackId= title='脱げばいいってモンじゃない! (loves. 初音ミク)' artist='デッドボールP'
[2026-09-08 01:57:54.242] ShazamService: Scheduled recognition lane=1 seq=20 stagger=4.0s
[2026-09-08 01:57:54.824] ShazamWebView: 2026-09-08T01:57:54.8252057+09:00 Navigation success=True status=200 uri=https://www.shazam.com/ja-jp
[2026-09-08 01:57:54.873] ShazamWebView: 2026-09-08T01:57:54.8740334+09:00 App recording decoded by WebView2.
[2026-09-08 01:57:54.881] ShazamWebView: 2026-09-08T01:57:54.8816048+09:00 Recognition start id=5f2db4d342d64c00bbad92e3006bae64 label=shazamの音楽認識ボタン baselineAppleIds=30
[2026-09-08 01:57:54.940] ShazamWebView: 2026-09-08T01:57:54.9406932+09:00 Official page requested app-supplied audio; stream running.
[2026-09-08 01:57:54.940] ShazamWebView: 2026-09-08T01:57:54.9409618+09:00 Official page requested app-supplied audio; stream running.
[2026-09-08 01:57:58.602] ShazamWebView: 2026-09-08T01:57:58.6032004+09:00 Route evidence title= artist= shazamTrackId=494828939 appleTrackId= source=route-only
[2026-09-08 01:57:58.602] ShazamWebView: 2026-09-08T01:57:58.6032240+09:00 Recognized route source=shazam-route shazamTrackId=494828939 appleTrackId= title= artist=
[2026-09-08 01:57:58.604] ShazamService: WebView2 lane=2 seq=19 result source=shazam-route appleTrackId= title='脱げばいいってモンじゃない! (loves. 初音ミク)' artist='デッドボールP'
[2026-09-08 01:57:58.604] ShazamService: Scheduled recognition lane=2 seq=21 stagger=4.0s
[2026-09-08 01:57:59.153] ShazamWebView: 2026-09-08T01:57:59.1538307+09:00 Navigation success=True status=200 uri=https://www.shazam.com/ja-jp
[2026-09-08 01:57:59.202] ShazamWebView: 2026-09-08T01:57:59.2023098+09:00 App recording decoded by WebView2.
[2026-09-08 01:57:59.211] ShazamWebView: 2026-09-08T01:57:59.2119967+09:00 Recognition start id=ab74f2a70b0a44b790979bf781c9cf0c label=shazamの音楽認識ボタン baselineAppleIds=30
[2026-09-08 01:57:59.290] ShazamWebView: 2026-09-08T01:57:59.2910745+09:00 Official page requested app-supplied audio; stream running.
[2026-09-08 01:57:59.291] ShazamWebView: 2026-09-08T01:57:59.2912957+09:00 Official page requested app-supplied audio; stream running.
[2026-09-08 01:58:02.640] ShazamWebView: 2026-09-08T01:58:02.6406373+09:00 Route evidence title= artist= shazamTrackId=494828939 appleTrackId= source=route-only
[2026-09-08 01:58:02.640] ShazamWebView: 2026-09-08T01:58:02.6406637+09:00 Recognized route source=shazam-route shazamTrackId=494828939 appleTrackId= title= artist=
[2026-09-08 01:58:02.641] ShazamService: WebView2 lane=1 seq=20 result source=shazam-route appleTrackId= title='脱げばいいってモンじゃない! (loves. 初音ミク)' artist='デッドボールP'
[2026-09-08 01:58:02.641] ShazamService: Scheduled recognition lane=1 seq=22 stagger=4.0s
[2026-09-08 01:58:03.200] ShazamWebView: 2026-09-08T01:58:03.2006776+09:00 Navigation success=True status=200 uri=https://www.shazam.com/ja-jp
[2026-09-08 01:58:03.247] ShazamWebView: 2026-09-08T01:58:03.2488712+09:00 App recording decoded by WebView2.
[2026-09-08 01:58:03.256] ShazamWebView: 2026-09-08T01:58:03.2571080+09:00 Recognition start id=ca6e36c2ac5d48249d14a38eddab3671 label=shazamの音楽認識ボタン baselineAppleIds=30
[2026-09-08 01:58:03.323] ShazamWebView: 2026-09-08T01:58:03.3238238+09:00 Official page requested app-supplied audio; stream running.
[2026-09-08 01:58:03.323] ShazamWebView: 2026-09-08T01:58:03.3240959+09:00 Official page requested app-supplied audio; stream running.
[2026-09-08 01:58:06.944] ShazamWebView: 2026-09-08T01:58:06.9442470+09:00 Route evidence title= artist= shazamTrackId=494828939 appleTrackId= source=route-only
[2026-09-08 01:58:06.944] ShazamWebView: 2026-09-08T01:58:06.9442717+09:00 Recognized route source=shazam-route shazamTrackId=494828939 appleTrackId= title= artist=
[2026-09-08 01:58:06.945] ShazamService: WebView2 lane=2 seq=21 result source=shazam-route appleTrackId= title='脱げばいいってモンじゃない! (loves. 初音ミク)' artist='デッドボールP'
[2026-09-08 01:58:06.946] ShazamService: Scheduled recognition lane=2 seq=23 stagger=4.0s
[2026-09-08 01:58:09.134] ShazamWebView: 2026-09-08T01:58:09.1348278+09:00 Navigation success=True status=200 uri=https://www.shazam.com/ja-jp
[2026-09-08 01:58:09.208] ShazamWebView: 2026-09-08T01:58:09.2083460+09:00 App recording decoded by WebView2.
[2026-09-08 01:58:09.220] ShazamWebView: 2026-09-08T01:58:09.2206491+09:00 Recognition start id=b7e3ab26e2614ea398aced7ca991eb6d label=shazamの音楽認識ボタン baselineAppleIds=30
[2026-09-08 01:58:09.297] ShazamWebView: 2026-09-08T01:58:09.2983832+09:00 Official page requested app-supplied audio; stream running.
[2026-09-08 01:58:09.297] ShazamWebView: 2026-09-08T01:58:09.2986708+09:00 Official page requested app-supplied audio; stream running.
